Microchip MPLAB XC8 Compiler V2.31

Linker command line:

-W-3 --edf=C:\Program Files\Microchip\xc8\v2.31\pic\dat\en_msgs.txt -cn \
  -h+dist/default/production\M.X.production.sym \
  --cmf=dist/default/production\M.X.production.cmf -z -Q16F887 \
  -oC:\Users\ALESAM~1\AppData\Local\Temp\s10f0.2 --defsym=__MPLAB_BUILD=1 \
  -Mdist/default/production/M.X.production.map -E1 -ver=XC8 Compiler \
  --acfsm=1493 -ASTACK=0110h-016Fh -pstack=STACK -ACODE=00h-07FFhx4 \
  -ASTRCODE=00h-01FFFh -ASTRING=00h-0FFhx32 -ACONST=00h-0FFhx32 \
  -AENTRY=00h-0FFhx32 -ACOMMON=070h-07Fh -ABANK0=020h-06Fh \
  -ABANK1=0A0h-0EFh -ABANK2=0110h-016Fh -ABANK3=0190h-01EFh \
  -ARAM=020h-06Fh,0A0h-0EFh,0110h-016Fh,0190h-01EFh \
  -AABS1=020h-07Fh,0A0h-0EFh,0110h-016Fh,0190h-01EFh -ASFR0=00h-01Fh \
  -ASFR1=080h-09Fh -ASFR2=0100h-010Fh -ASFR3=0180h-018Fh \
  -ACONFIG=02007h-02008h -DCONFIG=2 -AIDLOC=02000h-02003h -DIDLOC=2 \
  -AEEDATA=00h-0FFh/02100h -peeprom_data=EEDATA -DEEDATA=2 -DCODE=2 \
  -DSTRCODE=2 -DSTRING=2 -DCONST=2 -DENTRY=2 \
  -preset_vec=00h,intentry=04h,init,end_init -ppowerup=CODE -pcinit=CODE \
  -pfunctab=ENTRY -k C:\Users\ALESAM~1\AppData\Local\Temp\s10f0.o \
  dist/default/production\M.X.production.o 

Object code version is 3.11

Machine type is 16F887



                Name                               Link     Load   Length Selector   Space Scale
C:\Users\ALESAM~1\AppData\Local\Temp\s10f0.o
                end_init                              C        C        3        8       0
                reset_vec                             0        0        3        0       0
                config                             2007     2007        2        0       4
dist/default/production\M.X.production.o
                cinit                                 F        F        7        8       0
                intentry                              4        4        8        8       0
                config                             2007     2007        2        0       4
                text14                              295      295       15      4FE       0
                text13                              168      168       3E        8       0
                text12                              24E      24E       1A        8       0
                text11                              11E      11E       4A        8       0
                text10                              2E5      2E5        B      4FE       0
                text9                               2D9      2D9        C      4FE       0
                text8                                16       16      108        8       0
                text7                               27F      27F       16      4FE       0
                text6                               228      228       26        8       0
                text5                               2CA      2CA        F      4FE       0
                text4                               1D7      1D7       29        8       0
                text3                               2BB      2BB        F      4FE       0
                text2                               2AA      2AA       11      4FE       0
                text1                               200      200       28        8       0
                maintext                            1A6      1A6       31        8       0
                cstackBANK0                          20       20        5       20       1
                cstackCOMMON                         70       70        8       70       1
                bssCOMMON                            78       78        3       70       1
                strings                             268      268       17      4D0       0

TOTAL           Name                               Link     Load   Length     Space
        CLASS   STACK          

        CLASS   CODE           
                end_init                              C        C        3         0
                cinit                                 F        F        7         0
                intentry                              4        4        8         0
                reset_vec                             0        0        3         0
                text14                              295      295       15         0
                text13                              168      168       3E         0
                text12                              24E      24E       1A         0
                text11                              11E      11E       4A         0
                text10                              2E5      2E5        B         0
                text9                               2D9      2D9        C         0
                text8                                16       16      108         0
                text7                               27F      27F       16         0
                text6                               228      228       26         0
                text5                               2CA      2CA        F         0
                text4                               1D7      1D7       29         0
                text3                               2BB      2BB        F         0
                text2                               2AA      2AA       11         0
                text1                               200      200       28         0
                maintext                            1A6      1A6       31         0

        CLASS   STRCODE        

        CLASS   STRING         
                strings                             268      268       17         0

        CLASS   CONST          

        CLASS   ENTRY          

        CLASS   COMMON         
                cstackCOMMON                         70       70        8         1
                bssCOMMON                            78       78        3         1

        CLASS   BANK0          
                cstackBANK0                          20       20        5         1

        CLASS   BANK1          

        CLASS   BANK2          

        CLASS   BANK3          

        CLASS   RAM            

        CLASS   ABS1           
                abs_s1                               7E       7E        2         1

        CLASS   SFR0           

        CLASS   SFR1           

        CLASS   SFR2           

        CLASS   SFR3           

        CLASS   CONFIG         
                config                             2007     2007        2         4

        CLASS   IDLOC          

        CLASS   EEDATA         



SEGMENTS        Name                           Load    Length   Top    Selector   Space  Class     Delta

                reset_vec                      000000  000003  000003         0       0  CODE        2
                intentry                       000004  000264  000268         8       0  CODE        2
                cstackBANK0                    000020  000005  000025        20       1  BANK0       1
                cstackCOMMON                   000070  00000B  00007B        70       1  COMMON      1
                strings                        000268  000017  00027F       4D0       0  STRING      2
                text7                          00027F  000071  0002F0       4FE       0  CODE        2


UNUSED ADDRESS RANGES

        Name                Unused          Largest block    Delta
        BANK0            0025-006F             4B           1
        BANK1            00A0-00EF             50           1
        BANK2            0110-016F             60           1
        BANK3            0190-01EF             60           1
        CODE             0003-0003              1           2
                         02F0-1FFF            800
        COMMON           007B-007D              3           1
        CONST            0003-0003              1           2
                         02F0-1FFF            100
        EEDATA           2100-21FF            100           2
        ENTRY            0003-0003              1           2
                         02F0-1FFF            100
        IDLOC            2000-2003              4           2
        RAM              0025-006F             4B           1
                         00A0-00EF             50
                         0110-016F             60
                         0190-01EF             60
        SFR0             0000-001F             20           1
        SFR1             0080-009F             20           1
        SFR2             0100-010F             10           1
        SFR3             0180-018F             10           1
        STACK            0110-016F             60           1
        STRCODE          0003-0003              1           2
                         02F0-1FFF           1D10
        STRING           0003-0003              1           2
                         02F0-1FFF            100

                                  Symbol Table

LCD_cmd@a                    cstackCOMMON 0076
LCD_data_char@a              cstackCOMMON 0075
LCD_data_string@a            cstackBANK0  0020
LCD_data_string@i            cstackBANK0  0021
LCD_datos@a                  cstackCOMMON 0073
LCD_move_cursor@a            cstackBANK0  0021
LCD_move_cursor@b            cstackCOMMON 0077
LCD_move_cursor@temp         cstackBANK0  0022
_ANSELH                      (abs)        0189
_BAUDCTL                     (abs)        0187
_GIE                         (abs)        005F
_INTCON                      (abs)        000B
_LCD_Init                    text11       011E
_LCD_cmd                     text12       024E
_LCD_data_char               text7        027F
_LCD_data_string             text4        01D7
_LCD_datos                   text13       0168
_LCD_move_cursor             text6        0228
_PIE1                        (abs)        008C
_PIR1bits                    (abs)        000C
_PORTB                       (abs)        0006
_PORTBbits                   (abs)        0006
_PORTC                       (abs)        0007
_PORTD                       (abs)        0008
_RC0                         (abs)        0038
_RC1                         (abs)        0039
_RCREG                       (abs)        001A
_RCSTA                       (abs)        0018
_RD0                         (abs)        0040
_RD1                         (abs)        0041
_RD2                         (abs)        0042
_RD3                         (abs)        0043
_RD4                         (abs)        0044
_RD5                         (abs)        0045
_RD6                         (abs)        0046
_RD7                         (abs)        0047
_SPBRG                       (abs)        0099
_SPBRGH                      (abs)        009A
_SSPBUF                      (abs)        0013
_SSPCON                      (abs)        0014
_SSPCON2                     (abs)        0091
_SSPIF                       (abs)        0063
_SSPSTAT                     (abs)        0094
_TRISB                       (abs)        0086
_TRISC                       (abs)        0087
_TRISD                       (abs)        0088
_TXREG                       (abs)        0019
_TXSTA                       (abs)        0098
_TXSTAbits                   (abs)        0098
__Habs1                      abs1         0000
__Hbank0                     bank0        0000
__Hbank1                     bank1        0000
__Hbank2                     bank2        0000
__Hbank3                     bank3        0000
__HbssCOMMON                 bssCOMMON    0000
__Hcinit                     cinit        0016
__Hclrtext                   clrtext      0000
__Hcode                      code         0000
__Hcommon                    common       0000
__Hconfig                    config       2009
__HcstackBANK0               cstackBANK0  0000
__HcstackCOMMON              cstackCOMMON 0000
__Heeprom_data               eeprom_data  0000
__Hend_init                  end_init     000F
__Hfunctab                   functab      0000
__Hinit                      init         000C
__Hintentry                  intentry     000C
__Hmaintext                  maintext     0000
__Hpowerup                   powerup      0000
__Hram                       ram          0000
__Hreset_vec                 reset_vec    0003
__Hsfr0                      sfr0         0000
__Hsfr1                      sfr1         0000
__Hsfr2                      sfr2         0000
__Hsfr3                      sfr3         0000
__Hspace_0                   (abs)        02F0
__Hspace_1                   (abs)        007B
__Hspace_2                   (abs)        0000
__Hspace_3                   (abs)        0000
__Hspace_4                   (abs)        4010
__Hstack                     stack        0000
__Hstrings                   strings      0000
__Htext                      text         0000
__Labs1                      abs1         0000
__Lbank0                     bank0        0000
__Lbank1                     bank1        0000
__Lbank2                     bank2        0000
__Lbank3                     bank3        0000
__LbssCOMMON                 bssCOMMON    0000
__Lcinit                     cinit        000F
__Lclrtext                   clrtext      0000
__Lcode                      code         0000
__Lcommon                    common       0000
__Lconfig                    config       0000
__LcstackBANK0               cstackBANK0  0000
__LcstackCOMMON              cstackCOMMON 0000
__Leeprom_data               eeprom_data  0000
__Lend_init                  end_init     000C
__Lfunctab                   functab      0000
__Linit                      init         000C
__Lintentry                  intentry     0004
__Lmaintext                  maintext     0000
__Lpowerup                   powerup      0000
__Lram                       ram          0000
__Lreset_vec                 reset_vec    0000
__Lsfr0                      sfr0         0000
__Lsfr1                      sfr1         0000
__Lsfr2                      sfr2         0000
__Lsfr3                      sfr3         0000
__Lspace_0                   (abs)        0000
__Lspace_1                   (abs)        0000
__Lspace_2                   (abs)        0000
__Lspace_3                   (abs)        0000
__Lspace_4                   (abs)        0000
__Lstack                     stack        0000
__Lstrings                   strings      0000
__Ltext                      text         0000
__S0                         (abs)        02F0
__S1                         (abs)        007B
__S2                         (abs)        0000
__S3                         (abs)        0000
___int_sp                    stack        0000
___latbits                   (abs)        0002
___sp                        stack        0000
___stackhi                   (abs)        0000
___stacklo                   (abs)        0000
__end_of_LCD_Init            text11       0168
__end_of_LCD_cmd             text12       0268
__end_of_LCD_data_char       text7        0295
__end_of_LCD_data_string     text4        0200
__end_of_LCD_datos           text13       01A6
__end_of_LCD_move_cursor     text6        024E
__end_of__initialization     cinit        0012
__end_of__stringtab          strings      026E
__end_of_config_us           text2        02BB
__end_of_encabezado_usart    text8        011E
__end_of_int1                text14       02AA
__end_of_main                maintext     01D7
__end_of_mostrar_dato        text5        02D9
__end_of_mostrar_titulo_lcd  text3        02CA
__end_of_setup               text1        0228
__end_of_tnl_usart           text10       02F0
__end_of_tvirt_usart         text9        02E5
__initialization             cinit        000F
__pbssCOMMON                 bssCOMMON    0078
__pcstackBANK0               cstackBANK0  0020
__pcstackCOMMON              cstackCOMMON 0070
__pintentry                  intentry     0004
__pmaintext                  maintext     01A6
__pstrings                   strings      0268
__ptext1                     text1        0200
__ptext10                    text10       02E5
__ptext11                    text11       011E
__ptext12                    text12       024E
__ptext13                    text13       0168
__ptext14                    text14       0295
__ptext2                     text2        02AA
__ptext3                     text3        02BB
__ptext4                     text4        01D7
__ptext5                     text5        02CA
__ptext6                     text6        0228
__ptext7                     text7        027F
__ptext8                     text8        0016
__ptext9                     text9        02D9
__size_of_LCD_Init           (abs)        0000
__size_of_LCD_cmd            (abs)        0000
__size_of_LCD_data_char      (abs)        0000
__size_of_LCD_data_string    (abs)        0000
__size_of_LCD_datos          (abs)        0000
__size_of_LCD_move_cursor    (abs)        0000
__size_of_config_us          (abs)        0000
__size_of_encabezado_usart   (abs)        0000
__size_of_int1               (abs)        0000
__size_of_main               (abs)        0000
__size_of_mostrar_dato       (abs)        0000
__size_of_mostrar_titulo_lcd (abs)        0000
__size_of_setup              (abs)        0000
__size_of_tnl_usart          (abs)        0000
__size_of_tvirt_usart        (abs)        0000
__stringbase                 strings      026D
__stringtab                  strings      0268
_config_us                   text2        02AA
_encabezado_usart            text8        0016
_int1                        text14       0295
_main                        maintext     01A6
_mostrar_dato                text5        02CA
_mostrar_titulo_lcd          text3        02BB
_pot                         bssCOMMON    007A
_setup                       text1        0200
_tnl_usart                   text10       02E5
_tvirt_usart                 text9        02D9
btemp                        (abs)        007E
end_of_initialization        cinit        0012
interrupt_function           intentry     0004
intlevel0                    functab      0000
intlevel1                    functab      0000
intlevel2                    functab      0000
intlevel3                    functab      0000
intlevel4                    functab      0000
intlevel5                    functab      0000
reset_vec                    reset_vec    0000
saved_w                      (abs)        007E
start                        init         000C
start_initialization         cinit        000F
tvirt_usart@t                cstackCOMMON 0073
wtemp0                       (abs)        007E


FUNCTION INFORMATION:

 *************** function _main *****************
 Defined at:
		line 52 in file "mas.c"
 Parameters:    Size  Location     Type
		None
 Auto vars:     Size  Location     Type
		None
 Return value:  Size  Location     Type
                  1    wreg      void 
 Registers used:
		wreg, fsr0l, fsr0h, status,2, status,0, pclath, cstack
 Tracked objects:
		On entry : 
		On exit  : 
		Unchanged: 
 Data sizes:     COMMON   BANK0   BANK1   BANK3   BANK2
      Params:         0       0       0       0       0
      Locals:         0       0       0       0       0
      Temps:          0       2       0       0       0
      Totals:         0       2       0       0       0
Total ram usage:        2 bytes
 Hardware stack levels required when called:    5
 This function calls:
		_LCD_Init
		_encabezado_usart
		_mostrar_dato
		_mostrar_titulo_lcd
		_setup
		_tnl_usart
 This function is called by:
		Startup code after reset
 This function uses a non-reentrant model


 *************** function _setup *****************
 Defined at:
		line 71 in file "mas.c"
 Parameters:    Size  Location     Type
		None
 Auto vars:     Size  Location     Type
		None
 Return value:  Size  Location     Type
                  1    wreg      void 
 Registers used:
		wreg, status,2, status,0, pclath, cstack
 Tracked objects:
		On entry : 
		On exit  : 
		Unchanged: 
 Data sizes:     COMMON   BANK0   BANK1   BANK3   BANK2
      Params:         0       0       0       0       0
      Locals:         0       0       0       0       0
      Temps:          0       0       0       0       0
      Totals:         0       0       0       0       0
Total ram usage:        0 bytes
 Hardware stack levels used:    1
 Hardware stack levels required when called:    2
 This function calls:
		_config_us
 This function is called by:
		_main
 This function uses a non-reentrant model


 *************** function _config_us *****************
 Defined at:
		line 13 in file "usart.c"
 Parameters:    Size  Location     Type
		None
 Auto vars:     Size  Location     Type
		None
 Return value:  Size  Location     Type
                  1    wreg      void 
 Registers used:
		wreg, status,2
 Tracked objects:
		On entry : 
		On exit  : 
		Unchanged: 
 Data sizes:     COMMON   BANK0   BANK1   BANK3   BANK2
      Params:         0       0       0       0       0
      Locals:         0       0       0       0       0
      Temps:          0       0       0       0       0
      Totals:         0       0       0       0       0
Total ram usage:        0 bytes
 Hardware stack levels used:    1
 Hardware stack levels required when called:    1
 This function calls:
		Nothing
 This function is called by:
		_setup
 This function uses a non-reentrant model


 *************** function _mostrar_titulo_lcd *****************
 Defined at:
		line 91 in file "mas.c"
 Parameters:    Size  Location     Type
		None
 Auto vars:     Size  Location     Type
		None
 Return value:  Size  Location     Type
                  1    wreg      void 
 Registers used:
		wreg, fsr0l, fsr0h, status,2, status,0, pclath, cstack
 Tracked objects:
		On entry : 
		On exit  : 
		Unchanged: 
 Data sizes:     COMMON   BANK0   BANK1   BANK3   BANK2
      Params:         0       0       0       0       0
      Locals:         0       0       0       0       0
      Temps:          0       0       0       0       0
      Totals:         0       0       0       0       0
Total ram usage:        0 bytes
 Hardware stack levels used:    1
 Hardware stack levels required when called:    4
 This function calls:
		_LCD_data_string
		_LCD_move_cursor
 This function is called by:
		_main
 This function uses a non-reentrant model


 *************** function _LCD_data_string *****************
 Defined at:
		line 114 in file "lcd.c"
 Parameters:    Size  Location     Type
  a               1    wreg     PTR unsigned char 
		 -> STR_1(17), 
 Auto vars:     Size  Location     Type
  a               1    0[BANK0 ] PTR unsigned char 
		 -> STR_1(17), 
  i               2    1[BANK0 ] int 
 Return value:  Size  Location     Type
                  1    wreg      void 
 Registers used:
		wreg, fsr0l, fsr0h, status,2, status,0, pclath, cstack
 Tracked objects:
		On entry : 
		On exit  : 
		Unchanged: 
 Data sizes:     COMMON   BANK0   BANK1   BANK3   BANK2
      Params:         0       0       0       0       0
      Locals:         0       3       0       0       0
      Temps:          0       0       0       0       0
      Totals:         0       3       0       0       0
Total ram usage:        3 bytes
 Hardware stack levels used:    1
 Hardware stack levels required when called:    3
 This function calls:
		_LCD_data_char
 This function is called by:
		_mostrar_titulo_lcd
 This function uses a non-reentrant model


 *************** function _mostrar_dato *****************
 Defined at:
		line 139 in file "mas.c"
 Parameters:    Size  Location     Type
		None
 Auto vars:     Size  Location     Type
		None
 Return value:  Size  Location     Type
                  1    wreg      void 
 Registers used:
		wreg, status,2, status,0, pclath, cstack
 Tracked objects:
		On entry : 
		On exit  : 
		Unchanged: 
 Data sizes:     COMMON   BANK0   BANK1   BANK3   BANK2
      Params:         0       0       0       0       0
      Locals:         0       0       0       0       0
      Temps:          0       0       0       0       0
      Totals:         0       0       0       0       0
Total ram usage:        0 bytes
 Hardware stack levels used:    1
 Hardware stack levels required when called:    4
 This function calls:
		_LCD_data_char
		_LCD_move_cursor
 This function is called by:
		_main
 This function uses a non-reentrant model


 *************** function _LCD_move_cursor *****************
 Defined at:
		line 92 in file "lcd.c"
 Parameters:    Size  Location     Type
  a               1    wreg     unsigned char 
  b               1    7[COMMON] unsigned char 
 Auto vars:     Size  Location     Type
  a               1    1[BANK0 ] unsigned char 
  temp            1    2[BANK0 ] unsigned char 
  y               1    0        unsigned char 
  x               1    0        unsigned char 
 Return value:  Size  Location     Type
                  1    wreg      void 
 Registers used:
		wreg, status,2, status,0, pclath, cstack
 Tracked objects:
		On entry : 
		On exit  : 
		Unchanged: 
 Data sizes:     COMMON   BANK0   BANK1   BANK3   BANK2
      Params:         1       0       0       0       0
      Locals:         0       2       0       0       0
      Temps:          0       1       0       0       0
      Totals:         1       3       0       0       0
Total ram usage:        4 bytes
 Hardware stack levels used:    1
 Hardware stack levels required when called:    3
 This function calls:
		_LCD_cmd
 This function is called by:
		_mostrar_titulo_lcd
		_mostrar_dato
 This function uses a non-reentrant model


 *************** function _LCD_data_char *****************
 Defined at:
		line 106 in file "lcd.c"
 Parameters:    Size  Location     Type
  a               1    wreg     unsigned char 
 Auto vars:     Size  Location     Type
  a               1    5[COMMON] unsigned char 
 Return value:  Size  Location     Type
                  1    wreg      void 
 Registers used:
		wreg, status,2, status,0, pclath, cstack
 Tracked objects:
		On entry : 
		On exit  : 
		Unchanged: 
 Data sizes:     COMMON   BANK0   BANK1   BANK3   BANK2
      Params:         0       0       0       0       0
      Locals:         1       0       0       0       0
      Temps:          1       0       0       0       0
      Totals:         2       0       0       0       0
Total ram usage:        2 bytes
 Hardware stack levels used:    1
 Hardware stack levels required when called:    2
 This function calls:
		_LCD_datos
 This function is called by:
		_mostrar_dato
		_LCD_data_string
 This function uses a non-reentrant model


 *************** function _encabezado_usart *****************
 Defined at:
		line 96 in file "mas.c"
 Parameters:    Size  Location     Type
		None
 Auto vars:     Size  Location     Type
		None
 Return value:  Size  Location     Type
                  1    wreg      void 
 Registers used:
		wreg, status,2, status,0, pclath, cstack
 Tracked objects:
		On entry : 
		On exit  : 
		Unchanged: 
 Data sizes:     COMMON   BANK0   BANK1   BANK3   BANK2
      Params:         0       0       0       0       0
      Locals:         0       0       0       0       0
      Temps:          2       0       0       0       0
      Totals:         2       0       0       0       0
Total ram usage:        2 bytes
 Hardware stack levels used:    1
 Hardware stack levels required when called:    2
 This function calls:
		_tnl_usart
		_tvirt_usart
 This function is called by:
		_main
 This function uses a non-reentrant model


 *************** function _tvirt_usart *****************
 Defined at:
		line 21 in file "usart.c"
 Parameters:    Size  Location     Type
  t               1    wreg     unsigned char 
 Auto vars:     Size  Location     Type
  t               1    3[COMMON] unsigned char 
 Return value:  Size  Location     Type
                  1    wreg      void 
 Registers used:
		wreg
 Tracked objects:
		On entry : 
		On exit  : 
		Unchanged: 
 Data sizes:     COMMON   BANK0   BANK1   BANK3   BANK2
      Params:         0       0       0       0       0
      Locals:         1       0       0       0       0
      Temps:          0       0       0       0       0
      Totals:         1       0       0       0       0
Total ram usage:        1 bytes
 Hardware stack levels used:    1
 Hardware stack levels required when called:    1
 This function calls:
		Nothing
 This function is called by:
		_encabezado_usart
		_usart_string
 This function uses a non-reentrant model


 *************** function _tnl_usart *****************
 Defined at:
		line 27 in file "usart.c"
 Parameters:    Size  Location     Type
		None
 Auto vars:     Size  Location     Type
		None
 Return value:  Size  Location     Type
                  1    wreg      void 
 Registers used:
		wreg
 Tracked objects:
		On entry : 
		On exit  : 
		Unchanged: 
 Data sizes:     COMMON   BANK0   BANK1   BANK3   BANK2
      Params:         0       0       0       0       0
      Locals:         0       0       0       0       0
      Temps:          0       0       0       0       0
      Totals:         0       0       0       0       0
Total ram usage:        0 bytes
 Hardware stack levels used:    1
 Hardware stack levels required when called:    1
 This function calls:
		Nothing
 This function is called by:
		_main
		_encabezado_usart
 This function uses a non-reentrant model


 *************** function _LCD_Init *****************
 Defined at:
		line 31 in file "lcd.c"
 Parameters:    Size  Location     Type
		None
 Auto vars:     Size  Location     Type
		None
 Return value:  Size  Location     Type
                  1    wreg      void 
 Registers used:
		wreg, status,2, status,0, pclath, cstack
 Tracked objects:
		On entry : 
		On exit  : 
		Unchanged: 
 Data sizes:     COMMON   BANK0   BANK1   BANK3   BANK2
      Params:         0       0       0       0       0
      Locals:         0       0       0       0       0
      Temps:          0       2       0       0       0
      Totals:         0       2       0       0       0
Total ram usage:        2 bytes
 Hardware stack levels used:    1
 Hardware stack levels required when called:    3
 This function calls:
		_LCD_cmd
		_LCD_datos
 This function is called by:
		_main
 This function uses a non-reentrant model


 *************** function _LCD_cmd *****************
 Defined at:
		line 79 in file "lcd.c"
 Parameters:    Size  Location     Type
  a               1    wreg     unsigned char 
 Auto vars:     Size  Location     Type
  a               1    6[COMMON] unsigned char 
 Return value:  Size  Location     Type
                  1    wreg      void 
 Registers used:
		wreg, status,2, status,0, pclath, cstack
 Tracked objects:
		On entry : 
		On exit  : 
		Unchanged: 
 Data sizes:     COMMON   BANK0   BANK1   BANK3   BANK2
      Params:         0       0       0       0       0
      Locals:         1       0       0       0       0
      Temps:          2       0       0       0       0
      Totals:         3       0       0       0       0
Total ram usage:        3 bytes
 Hardware stack levels used:    1
 Hardware stack levels required when called:    2
 This function calls:
		_LCD_datos
 This function is called by:
		_LCD_Init
		_LCD_move_cursor
		_Clear
		_shift_right
		_shift_left
 This function uses a non-reentrant model


 *************** function _LCD_datos *****************
 Defined at:
		line 44 in file "lcd.c"
 Parameters:    Size  Location     Type
  a               1    wreg     unsigned char 
 Auto vars:     Size  Location     Type
  a               1    3[COMMON] unsigned char 
 Return value:  Size  Location     Type
                  1    wreg      void 
 Registers used:
		wreg
 Tracked objects:
		On entry : 
		On exit  : 
		Unchanged: 
 Data sizes:     COMMON   BANK0   BANK1   BANK3   BANK2
      Params:         0       0       0       0       0
      Locals:         1       0       0       0       0
      Temps:          0       0       0       0       0
      Totals:         1       0       0       0       0
Total ram usage:        1 bytes
 Hardware stack levels used:    1
 Hardware stack levels required when called:    1
 This function calls:
		Nothing
 This function is called by:
		_LCD_Init
		_LCD_cmd
		_LCD_data_char
 This function uses a non-reentrant model


 *************** function _int1 *****************
 Defined at:
		line 148 in file "mas.c"
 Parameters:    Size  Location     Type
		None
 Auto vars:     Size  Location     Type
		None
 Return value:  Size  Location     Type
                  1    wreg      void 
 Registers used:
		wreg
 Tracked objects:
		On entry : 
		On exit  : 
		Unchanged: 
 Data sizes:     COMMON   BANK0   BANK1   BANK3   BANK2
      Params:         0       0       0       0       0
      Locals:         0       0       0       0       0
      Temps:          3       0       0       0       0
      Totals:         3       0       0       0       0
Total ram usage:        3 bytes
 Hardware stack levels used:    1
 This function calls:
		Nothing
 This function is called by:
		Interrupt level 1
 This function uses a non-reentrant model



MODULE INFORMATION

Module		Function		Class		Link	Load	Size
mas.c
		_mostrar_dato  		CODE           	02CA	0000	15
		_mostrar_titulo_lcd		CODE           	02BB	0000	15
		_main          		CODE           	01A6	0000	49
		_int1          		CODE           	0295	0000	21
		_setup         		CODE           	0200	0000	40
		_encabezado_usart		CODE           	0016	0000	264

mas.c estimated size: 404

usart.c
		_tvirt_usart   		CODE           	02D9	0000	12
		_config_us     		CODE           	02AA	0000	17
		_tnl_usart     		CODE           	02E5	0000	11

usart.c estimated size: 40

shared
		__stringtab    		STRING         	0268	0000	6
		__initialization		CODE           	000F	0000	3

shared estimated size: 9

lcd.c
		_LCD_Init      		CODE           	011E	0000	74
		_LCD_move_cursor		CODE           	0228	0000	38
		_LCD_data_string		CODE           	01D7	0000	41
		_LCD_cmd       		CODE           	024E	0000	26
		_LCD_datos     		CODE           	0168	0000	62
		_LCD_data_char 		CODE           	027F	0000	22

lcd.c estimated size: 263

