Microchip MPLAB XC8 Compiler V2.31

Linker command line:

-W-3 --edf=C:\Program Files\Microchip\xc8\v2.31\pic\dat\en_msgs.txt -cn \
  -h+dist/default/production\M.X.production.sym \
  --cmf=dist/default/production\M.X.production.cmf -z -Q16F887 \
  -oC:\Users\ALESAM~1\AppData\Local\Temp\s13po.2 --defsym=__MPLAB_BUILD=1 \
  -Mdist/default/production/M.X.production.map -E1 -ver=XC8 Compiler \
  --acfsm=1493 -ASTACK=0110h-016Fh -pstack=STACK -ACODE=00h-07FFhx4 \
  -ASTRCODE=00h-01FFFh -ASTRING=00h-0FFhx32 -ACONST=00h-0FFhx32 \
  -AENTRY=00h-0FFhx32 -ACOMMON=070h-07Fh -ABANK0=020h-06Fh \
  -ABANK1=0A0h-0EFh -ABANK2=0110h-016Fh -ABANK3=0190h-01EFh \
  -ARAM=020h-06Fh,0A0h-0EFh,0110h-016Fh,0190h-01EFh \
  -AABS1=020h-07Fh,0A0h-0EFh,0110h-016Fh,0190h-01EFh -ASFR0=00h-01Fh \
  -ASFR1=080h-09Fh -ASFR2=0100h-010Fh -ASFR3=0180h-018Fh \
  -ACONFIG=02007h-02008h -DCONFIG=2 -AIDLOC=02000h-02003h -DIDLOC=2 \
  -AEEDATA=00h-0FFh/02100h -peeprom_data=EEDATA -DEEDATA=2 -DCODE=2 \
  -DSTRCODE=2 -DSTRING=2 -DCONST=2 -DENTRY=2 \
  -preset_vec=00h,intentry=04h,init,end_init -ppowerup=CODE -pcinit=CODE \
  -pfunctab=ENTRY -k C:\Users\ALESAM~1\AppData\Local\Temp\s13po.o \
  dist/default/production\M.X.production.o 

Object code version is 3.11

Machine type is 16F887



                Name                               Link     Load   Length Selector   Space Scale
C:\Users\ALESAM~1\AppData\Local\Temp\s13po.o
                end_init                              C        C        3        8       0
                reset_vec                             0        0        3        0       0
                config                             2007     2007        2        0       4
dist/default/production\M.X.production.o
                cinit                                 F        F       1A        8       0
                intentry                              4        4        8        8       0
                config                             2007     2007        2        0       4
                text23                              5B5      5B5       2D        8       0
                text22                              4CC      4CC       3E        8       0
                text21                              6A2      6A2       1A      D44       0
                text20                              482      482       4A        8       0
                text19                              728      728        B      D44       0
                text18                              71C      71C        C      D44       0
                text17                              21A      21A      108        8       0
                text16                              419      419       69        8       0
                text15                              60E      60E       2B        8       0
                text14                              581      581       34        8       0
                text13                              70E      70E        E      D44       0
                text12                              700      700        E      D44       0
                text11                              6F2      6F2        E      D44       0
                text10                              6D2      6D2       11      D44       0
                text9                               5E2      5E2       2C        8       0
                text8                               6BC      6BC       16      D44       0
                text7                               639      639       29        8       0
                text6                               662      662       26        8       0
                text5                               546      546       3B        8       0
                text4                               3A1      3A1       78        8       0
                text3                                29       29      1F1        8       0
                text2                               6E3      6E3        F      D44       0
                text1                               50A      50A       3C        8       0
                maintext                            322      322       7F        8       0
                cstackBANK0                          20       20       17       20       1
                cstackCOMMON                         70       70        8       70       1
                dataBANK0                            3E       3E        2       20       1
                bssBANK0                             37       37        7       20       1
                bssCOMMON                            78       78        3       70       1
                strings                             688      688       1A      D10       0
                idataBANK0                          733      733        2      D44       0

TOTAL           Name                               Link     Load   Length     Space
        CLASS   STACK          

        CLASS   CODE           
                end_init                              C        C        3         0
                cinit                                 F        F       1A         0
                intentry                              4        4        8         0
                reset_vec                             0        0        3         0
                text23                              5B5      5B5       2D         0
                text22                              4CC      4CC       3E         0
                text21                              6A2      6A2       1A         0
                text20                              482      482       4A         0
                text19                              728      728        B         0
                text18                              71C      71C        C         0
                text17                              21A      21A      108         0
                text16                              419      419       69         0
                text15                              60E      60E       2B         0
                text14                              581      581       34         0
                text13                              70E      70E        E         0
                text12                              700      700        E         0
                text11                              6F2      6F2        E         0
                text10                              6D2      6D2       11         0
                text9                               5E2      5E2       2C         0
                text8                               6BC      6BC       16         0
                text7                               639      639       29         0
                text6                               662      662       26         0
                text5                               546      546       3B         0
                text4                               3A1      3A1       78         0
                text3                                29       29      1F1         0
                text2                               6E3      6E3        F         0
                text1                               50A      50A       3C         0
                maintext                            322      322       7F         0
                idataBANK0                          733      733        2         0

        CLASS   STRCODE        

        CLASS   STRING         
                strings                             688      688       1A         0

        CLASS   CONST          

        CLASS   ENTRY          

        CLASS   COMMON         
                cstackCOMMON                         70       70        8         1
                bssCOMMON                            78       78        3         1

        CLASS   BANK0          
                cstackBANK0                          20       20       17         1
                dataBANK0                            3E       3E        2         1
                bssBANK0                             37       37        7         1

        CLASS   BANK1          

        CLASS   BANK2          

        CLASS   BANK3          

        CLASS   RAM            

        CLASS   ABS1           
                abs_s1                               7E       7E        2         1

        CLASS   SFR0           

        CLASS   SFR1           

        CLASS   SFR2           

        CLASS   SFR3           

        CLASS   CONFIG         
                config                             2007     2007        2         4

        CLASS   IDLOC          

        CLASS   EEDATA         



SEGMENTS        Name                           Load    Length   Top    Selector   Space  Class     Delta

                reset_vec                      000000  000003  000003         0       0  CODE        2
                intentry                       000004  000684  000688         8       0  CODE        2
                cstackBANK0                    000020  000020  000040        20       1  BANK0       1
                cstackCOMMON                   000070  00000B  00007B        70       1  COMMON      1
                strings                        000688  00001A  0006A2       D10       0  STRING      2
                text21                         0006A2  000093  000735       D44       0  CODE        2


UNUSED ADDRESS RANGES

        Name                Unused          Largest block    Delta
        BANK0            0040-006F             30           1
        BANK1            00A0-00EF             50           1
        BANK2            0110-016F             60           1
        BANK3            0190-01EF             60           1
        CODE             0003-0003              1           2
                         0735-1FFF            800
        COMMON           007B-007D              3           1
        CONST            0003-0003              1           2
                         0735-1FFF            100
        EEDATA           2100-21FF            100           2
        ENTRY            0003-0003              1           2
                         0735-1FFF            100
        IDLOC            2000-2003              4           2
        RAM              0040-006F             30           1
                         00A0-00EF             50
                         0110-016F             60
                         0190-01EF             60
        SFR0             0000-001F             20           1
        SFR1             0080-009F             20           1
        SFR2             0100-010F             10           1
        SFR3             0180-018F             10           1
        STACK            0110-016F             60           1
        STRCODE          0003-0003              1           2
                         0735-1FFF           18CB
        STRING           0003-0003              1           2
                         0735-1FFF            100

                                  Symbol Table

?___awdiv                 cstackBANK0  0022
?___wmul                  cstackCOMMON 0073
LCD_cmd@a                 cstackCOMMON 0076
LCD_data_char@a           cstackCOMMON 0075
LCD_data_string@a         cstackBANK0  0022
LCD_data_string@i         cstackBANK0  0020
LCD_datos@a               cstackCOMMON 0073
LCD_move_cursor@a         cstackBANK0  0021
LCD_move_cursor@b         cstackCOMMON 0077
LCD_move_cursor@temp      cstackBANK0  0022
_ANSEL                    (abs)        0188
_ANSELH                   (abs)        0189
_BAUDCTL                  (abs)        0187
_GIE                      (abs)        005F
_INTCON                   (abs)        000B
_LCD_Init                 text20       0482
_LCD_cmd                  text21       06A2
_LCD_data_char            text8        06BC
_LCD_data_string          text7        0639
_LCD_datos                text22       04CC
_LCD_move_cursor          text6        0662
_PIE1                     (abs)        008C
_PIR1bits                 (abs)        000C
_PORTA                    (abs)        0005
_PORTB                    (abs)        0006
_PORTBbits                (abs)        0006
_PORTC                    (abs)        0007
_PORTD                    (abs)        0008
_RC0                      (abs)        0038
_RC1                      (abs)        0039
_RCREG                    (abs)        001A
_RCSTA                    (abs)        0018
_RD0                      (abs)        0040
_RD1                      (abs)        0041
_RD2                      (abs)        0042
_RD3                      (abs)        0043
_RD4                      (abs)        0044
_RD5                      (abs)        0045
_RD6                      (abs)        0046
_RD7                      (abs)        0047
_SPBRG                    (abs)        0099
_SPBRGH                   (abs)        009A
_SSPBUF                   (abs)        0013
_SSPCON                   (abs)        0014
_SSPCON2                  (abs)        0091
_SSPIF                    (abs)        0063
_SSPSTAT                  (abs)        0094
_TRISA                    (abs)        0085
_TRISB                    (abs)        0086
_TRISC                    (abs)        0087
_TRISD                    (abs)        0088
_TXREG                    (abs)        0019
_TXSTA                    (abs)        0098
_TXSTAbits                (abs)        0098
__Habs1                   abs1         0000
__Hbank0                  bank0        0000
__Hbank1                  bank1        0000
__Hbank2                  bank2        0000
__Hbank3                  bank3        0000
__HbssBANK0               bssBANK0     0000
__HbssCOMMON              bssCOMMON    0000
__Hcinit                  cinit        0029
__Hclrtext                clrtext      0000
__Hcode                   code         0000
__Hcommon                 common       0000
__Hconfig                 config       2009
__HcstackBANK0            cstackBANK0  0000
__HcstackCOMMON           cstackCOMMON 0000
__HdataBANK0              dataBANK0    0000
__Heeprom_data            eeprom_data  0000
__Hend_init               end_init     000F
__Hfunctab                functab      0000
__HidataBANK0             idataBANK0   0000
__Hinit                   init         000C
__Hintentry               intentry     000C
__Hmaintext               maintext     0000
__Hpowerup                powerup      0000
__Hram                    ram          0000
__Hreset_vec              reset_vec    0003
__Hsfr0                   sfr0         0000
__Hsfr1                   sfr1         0000
__Hsfr2                   sfr2         0000
__Hsfr3                   sfr3         0000
__Hspace_0                (abs)        0735
__Hspace_1                (abs)        007B
__Hspace_2                (abs)        0000
__Hspace_3                (abs)        0000
__Hspace_4                (abs)        4010
__Hstack                  stack        0000
__Hstrings                strings      0000
__Htext                   text         0000
__Labs1                   abs1         0000
__Lbank0                  bank0        0000
__Lbank1                  bank1        0000
__Lbank2                  bank2        0000
__Lbank3                  bank3        0000
__LbssBANK0               bssBANK0     0000
__LbssCOMMON              bssCOMMON    0000
__Lcinit                  cinit        000F
__Lclrtext                clrtext      0000
__Lcode                   code         0000
__Lcommon                 common       0000
__Lconfig                 config       0000
__LcstackBANK0            cstackBANK0  0000
__LcstackCOMMON           cstackCOMMON 0000
__LdataBANK0              dataBANK0    0000
__Leeprom_data            eeprom_data  0000
__Lend_init               end_init     000C
__Lfunctab                functab      0000
__LidataBANK0             idataBANK0   0000
__Linit                   init         000C
__Lintentry               intentry     0004
__Lmaintext               maintext     0000
__Lpowerup                powerup      0000
__Lram                    ram          0000
__Lreset_vec              reset_vec    0000
__Lsfr0                   sfr0         0000
__Lsfr1                   sfr1         0000
__Lsfr2                   sfr2         0000
__Lsfr3                   sfr3         0000
__Lspace_0                (abs)        0000
__Lspace_1                (abs)        0000
__Lspace_2                (abs)        0000
__Lspace_3                (abs)        0000
__Lspace_4                (abs)        0000
__Lstack                  stack        0000
__Lstrings                strings      0000
__Ltext                   text         0000
__S0                      (abs)        0735
__S1                      (abs)        007B
__S2                      (abs)        0000
__S3                      (abs)        0000
___awdiv                  text16       0419
___awdiv@counter          cstackBANK0  0026
___awdiv@dividend         cstackBANK0  0024
___awdiv@divisor          cstackBANK0  0022
___awdiv@quotient         cstackBANK0  0028
___awdiv@sign             cstackBANK0  0027
___int_sp                 stack        0000
___latbits                (abs)        0002
___sp                     stack        0000
___stackhi                (abs)        0000
___stacklo                (abs)        0000
___wmul                   text15       060E
___wmul@multiplicand      cstackCOMMON 0075
___wmul@multiplier        cstackCOMMON 0073
___wmul@product           cstackBANK0  0020
__end_of_LCD_Init         text20       04CC
__end_of_LCD_cmd          text21       06BC
__end_of_LCD_data_char    text8        06D2
__end_of_LCD_data_string  text7        0662
__end_of_LCD_datos        text22       050A
__end_of_LCD_move_cursor  text6        0688
__end_of___awdiv          text16       0482
__end_of___wmul           text15       0639
__end_of__initialization  cinit        0025
__end_of__stringtab       strings      068E
__end_of_config_us        text10       06E3
__end_of_conts            text5        0581
__end_of_header           text17       0322
__end_of_int1             text23       05E2
__end_of_main             maintext     03A1
__end_of_map_var          text14       05B5
__end_of_n_ascii          text4        0419
__end_of_s1spi            text13       071C
__end_of_s2spi            text12       070E
__end_of_s3spi            text11       0700
__end_of_setup            text9        060E
__end_of_show             text3        021A
__end_of_titulo           text2        06F2
__end_of_tnl_usart        text19       0733
__end_of_tvirt_usart      text18       0728
__end_of_voltaje          text1        0546
__initialization          cinit        000F
__pbssBANK0               bssBANK0     0037
__pbssCOMMON              bssCOMMON    0078
__pcstackBANK0            cstackBANK0  0020
__pcstackCOMMON           cstackCOMMON 0070
__pdataBANK0              dataBANK0    003E
__pidataBANK0             idataBANK0   0733
__pintentry               intentry     0004
__pmaintext               maintext     0322
__pstrings                strings      0688
__ptext1                  text1        050A
__ptext10                 text10       06D2
__ptext11                 text11       06F2
__ptext12                 text12       0700
__ptext13                 text13       070E
__ptext14                 text14       0581
__ptext15                 text15       060E
__ptext16                 text16       0419
__ptext17                 text17       021A
__ptext18                 text18       071C
__ptext19                 text19       0728
__ptext2                  text2        06E3
__ptext20                 text20       0482
__ptext21                 text21       06A2
__ptext22                 text22       04CC
__ptext23                 text23       05B5
__ptext3                  text3        0029
__ptext4                  text4        03A1
__ptext5                  text5        0546
__ptext6                  text6        0662
__ptext7                  text7        0639
__ptext8                  text8        06BC
__ptext9                  text9        05E2
__size_of_LCD_Init        (abs)        0000
__size_of_LCD_cmd         (abs)        0000
__size_of_LCD_data_char   (abs)        0000
__size_of_LCD_data_string (abs)        0000
__size_of_LCD_datos       (abs)        0000
__size_of_LCD_move_cursor (abs)        0000
__size_of___awdiv         (abs)        0000
__size_of___wmul          (abs)        0000
__size_of_config_us       (abs)        0000
__size_of_conts           (abs)        0000
__size_of_header          (abs)        0000
__size_of_int1            (abs)        0000
__size_of_main            (abs)        0000
__size_of_map_var         (abs)        0000
__size_of_n_ascii         (abs)        0000
__size_of_s1spi           (abs)        0000
__size_of_s2spi           (abs)        0000
__size_of_s3spi           (abs)        0000
__size_of_setup           (abs)        0000
__size_of_show            (abs)        0000
__size_of_titulo          (abs)        0000
__size_of_tnl_usart       (abs)        0000
__size_of_tvirt_usart     (abs)        0000
__size_of_voltaje         (abs)        0000
__stringbase              strings      068D
__stringtab               strings      0688
_aux                      bssBANK0     0037
_config_us                text10       06D2
_cont                     dataBANK0    003E
_cont_c                   bssBANK0     0039
_cont_d                   bssCOMMON    0079
_cont_u                   bssCOMMON    007A
_conts                    text5        0546
_header                   text17       021A
_int1                     text23       05B5
_main                     maintext     0322
_map_var                  text14       0581
_n_ascii                  text4        03A1
_pot                      dataBANK0    003F
_pot_d1                   bssBANK0     003C
_pot_d2                   bssBANK0     003B
_pot_u                    bssBANK0     003D
_s1spi                    text13       070E
_s2spi                    text12       0700
_s3spi                    text11       06F2
_sdata                    bssCOMMON    0078
_setup                    text9        05E2
_show                     text3        0029
_temp                     bssBANK0     0038
_temp_m                   bssBANK0     003A
_titulo                   text2        06E3
_tnl_usart                text19       0728
_tvirt_usart              text18       071C
_voltaje                  text1        050A
btemp                     (abs)        007E
conts@cent                cstackCOMMON 0075
conts@data_in             cstackCOMMON 0077
conts@dec                 cstackCOMMON 0074
conts@uni                 cstackCOMMON 0073
end_of_initialization     cinit        0025
interrupt_function        intentry     0004
intlevel0                 functab      0000
intlevel1                 functab      0000
intlevel2                 functab      0000
intlevel3                 functab      0000
intlevel4                 functab      0000
intlevel5                 functab      0000
map_var@inMax             cstackBANK0  002C
map_var@inMin             cstackBANK0  002B
map_var@outMax            cstackBANK0  002E
map_var@outMin            cstackBANK0  002D
map_var@v_in              cstackBANK0  0032
map_var@v_out             cstackBANK0  002A
n_ascii@code              cstackCOMMON 0073
n_ascii@value             cstackCOMMON 0076
reset_vec                 reset_vec    0000
saved_w                   (abs)        007E
start                     init         000C
start_initialization      cinit        000F
tvirt_usart@t             cstackCOMMON 0073
voltaje@data_in           cstackCOMMON 0077
voltaje@volt_d1           cstackCOMMON 0074
voltaje@volt_d2           cstackCOMMON 0075
voltaje@volt_u            cstackCOMMON 0073
wtemp0                    (abs)        007E


FUNCTION INFORMATION:

 *************** function _main *****************
 Defined at:
		line 63 in file "mas.c"
 Parameters:    Size  Location     Type
		None
 Auto vars:     Size  Location     Type
		None
 Return value:  Size  Location     Type
                  1    wreg      void 
 Registers used:
		wreg, fsr0l, fsr0h, status,2, status,0, pclath, cstack
 Tracked objects:
		On entry : 
		On exit  : 
		Unchanged: 
 Data sizes:     COMMON   BANK0   BANK1   BANK3   BANK2
      Params:         0       0       0       0       0
      Locals:         0       0       0       0       0
      Temps:          0       4       0       0       0
      Totals:         0       4       0       0       0
Total ram usage:        4 bytes
 Hardware stack levels required when called:    5
 This function calls:
		_LCD_Init
		_header
		_map_var
		_s1spi
		_s2spi
		_s3spi
		_setup
		_show
		_titulo
		_tnl_usart
		_voltaje
 This function is called by:
		Startup code after reset
 This function uses a non-reentrant model


 *************** function _voltaje *****************
 Defined at:
		line 249 in file "mas.c"
 Parameters:    Size  Location     Type
  data_in         1    wreg     unsigned char 
  volt_u          1    3[COMMON] PTR unsigned char 
		 -> pot_u(1), 
  volt_d1         1    4[COMMON] PTR unsigned char 
		 -> pot_d1(1), 
  volt_d2         1    5[COMMON] PTR unsigned char 
		 -> pot_d2(1), 
 Auto vars:     Size  Location     Type
  data_in         1    7[COMMON] unsigned char 
 Return value:  Size  Location     Type
                  1    wreg      void 
 Registers used:
		wreg, fsr0l, fsr0h, status,2, status,0
 Tracked objects:
		On entry : 
		On exit  : 
		Unchanged: 
 Data sizes:     COMMON   BANK0   BANK1   BANK3   BANK2
      Params:         3       0       0       0       0
      Locals:         1       0       0       0       0
      Temps:          1       0       0       0       0
      Totals:         5       0       0       0       0
Total ram usage:        5 bytes
 Hardware stack levels used:    1
 Hardware stack levels required when called:    1
 This function calls:
		Nothing
 This function is called by:
		_main
 This function uses a non-reentrant model


 *************** function _titulo *****************
 Defined at:
		line 111 in file "mas.c"
 Parameters:    Size  Location     Type
		None
 Auto vars:     Size  Location     Type
		None
 Return value:  Size  Location     Type
                  1    wreg      void 
 Registers used:
		wreg, fsr0l, fsr0h, status,2, status,0, pclath, cstack
 Tracked objects:
		On entry : 
		On exit  : 
		Unchanged: 
 Data sizes:     COMMON   BANK0   BANK1   BANK3   BANK2
      Params:         0       0       0       0       0
      Locals:         0       0       0       0       0
      Temps:          0       0       0       0       0
      Totals:         0       0       0       0       0
Total ram usage:        0 bytes
 Hardware stack levels used:    1
 Hardware stack levels required when called:    4
 This function calls:
		_LCD_data_string
		_LCD_move_cursor
 This function is called by:
		_main
 This function uses a non-reentrant model


 *************** function _show *****************
 Defined at:
		line 175 in file "mas.c"
 Parameters:    Size  Location     Type
		None
 Auto vars:     Size  Location     Type
		None
 Return value:  Size  Location     Type
                  1    wreg      void 
 Registers used:
		wreg, fsr0l, fsr0h, status,2, status,0, pclath, cstack
 Tracked objects:
		On entry : 
		On exit  : 
		Unchanged: 
 Data sizes:     COMMON   BANK0   BANK1   BANK3   BANK2
      Params:         0       0       0       0       0
      Locals:         0       0       0       0       0
      Temps:          0       3       0       0       0
      Totals:         0       3       0       0       0
Total ram usage:        3 bytes
 Hardware stack levels used:    1
 Hardware stack levels required when called:    4
 This function calls:
		_LCD_data_char
		_LCD_data_string
		_LCD_move_cursor
		_conts
		_n_ascii
		_tvirt_usart
 This function is called by:
		_main
 This function uses a non-reentrant model


 *************** function _n_ascii *****************
 Defined at:
		line 45 in file "usart.c"
 Parameters:    Size  Location     Type
  value           1    wreg     unsigned char 
  code            1    3[COMMON] PTR unsigned char 
		 -> sdata(1), 
 Auto vars:     Size  Location     Type
  value           1    6[COMMON] unsigned char 
 Return value:  Size  Location     Type
                  1    wreg      void 
 Registers used:
		wreg, fsr0l, fsr0h, status,2, status,0
 Tracked objects:
		On entry : 
		On exit  : 
		Unchanged: 
 Data sizes:     COMMON   BANK0   BANK1   BANK3   BANK2
      Params:         1       0       0       0       0
      Locals:         1       0       0       0       0
      Temps:          2       0       0       0       0
      Totals:         4       0       0       0       0
Total ram usage:        4 bytes
 Hardware stack levels used:    1
 Hardware stack levels required when called:    1
 This function calls:
		Nothing
 This function is called by:
		_show
 This function uses a non-reentrant model


 *************** function _conts *****************
 Defined at:
		line 266 in file "mas.c"
 Parameters:    Size  Location     Type
  data_in         1    wreg     unsigned char 
  uni             1    3[COMMON] PTR unsigned char 
		 -> cont_u(1), 
  dec             1    4[COMMON] PTR unsigned char 
		 -> cont_d(1), 
  cent            1    5[COMMON] PTR unsigned char 
		 -> cont_c(1), 
 Auto vars:     Size  Location     Type
  data_in         1    7[COMMON] unsigned char 
 Return value:  Size  Location     Type
                  1    wreg      void 
 Registers used:
		wreg, fsr0l, fsr0h, status,2, status,0
 Tracked objects:
		On entry : 
		On exit  : 
		Unchanged: 
 Data sizes:     COMMON   BANK0   BANK1   BANK3   BANK2
      Params:         3       0       0       0       0
      Locals:         1       0       0       0       0
      Temps:          1       0       0       0       0
      Totals:         5       0       0       0       0
Total ram usage:        5 bytes
 Hardware stack levels used:    1
 Hardware stack levels required when called:    1
 This function calls:
		Nothing
 This function is called by:
		_show
 This function uses a non-reentrant model


 *************** function _LCD_move_cursor *****************
 Defined at:
		line 92 in file "lcd.c"
 Parameters:    Size  Location     Type
  a               1    wreg     unsigned char 
  b               1    7[COMMON] unsigned char 
 Auto vars:     Size  Location     Type
  a               1    1[BANK0 ] unsigned char 
  temp            1    2[BANK0 ] unsigned char 
  y               1    0        unsigned char 
  x               1    0        unsigned char 
 Return value:  Size  Location     Type
                  1    wreg      void 
 Registers used:
		wreg, status,2, status,0, pclath, cstack
 Tracked objects:
		On entry : 
		On exit  : 
		Unchanged: 
 Data sizes:     COMMON   BANK0   BANK1   BANK3   BANK2
      Params:         1       0       0       0       0
      Locals:         0       2       0       0       0
      Temps:          0       1       0       0       0
      Totals:         1       3       0       0       0
Total ram usage:        4 bytes
 Hardware stack levels used:    1
 Hardware stack levels required when called:    3
 This function calls:
		_LCD_cmd
 This function is called by:
		_titulo
		_show
 This function uses a non-reentrant model


 *************** function _LCD_data_string *****************
 Defined at:
		line 114 in file "lcd.c"
 Parameters:    Size  Location     Type
  a               1    wreg     PTR unsigned char 
		 -> STR_3(3), STR_2(3), STR_1(17), 
 Auto vars:     Size  Location     Type
  a               1    2[BANK0 ] PTR unsigned char 
		 -> STR_3(3), STR_2(3), STR_1(17), 
  i               2    0[BANK0 ] int 
 Return value:  Size  Location     Type
                  1    wreg      void 
 Registers used:
		wreg, fsr0l, fsr0h, status,2, status,0, pclath, cstack
 Tracked objects:
		On entry : 
		On exit  : 
		Unchanged: 
 Data sizes:     COMMON   BANK0   BANK1   BANK3   BANK2
      Params:         0       0       0       0       0
      Locals:         0       3       0       0       0
      Temps:          0       0       0       0       0
      Totals:         0       3       0       0       0
Total ram usage:        3 bytes
 Hardware stack levels used:    1
 Hardware stack levels required when called:    3
 This function calls:
		_LCD_data_char
 This function is called by:
		_titulo
		_show
 This function uses a non-reentrant model


 *************** function _LCD_data_char *****************
 Defined at:
		line 106 in file "lcd.c"
 Parameters:    Size  Location     Type
  a               1    wreg     unsigned char 
 Auto vars:     Size  Location     Type
  a               1    5[COMMON] unsigned char 
 Return value:  Size  Location     Type
                  1    wreg      void 
 Registers used:
		wreg, status,2, status,0, pclath, cstack
 Tracked objects:
		On entry : 
		On exit  : 
		Unchanged: 
 Data sizes:     COMMON   BANK0   BANK1   BANK3   BANK2
      Params:         0       0       0       0       0
      Locals:         1       0       0       0       0
      Temps:          1       0       0       0       0
      Totals:         2       0       0       0       0
Total ram usage:        2 bytes
 Hardware stack levels used:    1
 Hardware stack levels required when called:    2
 This function calls:
		_LCD_datos
 This function is called by:
		_show
		_LCD_data_string
 This function uses a non-reentrant model


 *************** function _setup *****************
 Defined at:
		line 87 in file "mas.c"
 Parameters:    Size  Location     Type
		None
 Auto vars:     Size  Location     Type
		None
 Return value:  Size  Location     Type
                  1    wreg      void 
 Registers used:
		wreg, status,2, status,0, pclath, cstack
 Tracked objects:
		On entry : 
		On exit  : 
		Unchanged: 
 Data sizes:     COMMON   BANK0   BANK1   BANK3   BANK2
      Params:         0       0       0       0       0
      Locals:         0       0       0       0       0
      Temps:          0       0       0       0       0
      Totals:         0       0       0       0       0
Total ram usage:        0 bytes
 Hardware stack levels used:    1
 Hardware stack levels required when called:    2
 This function calls:
		_config_us
 This function is called by:
		_main
 This function uses a non-reentrant model


 *************** function _config_us *****************
 Defined at:
		line 13 in file "usart.c"
 Parameters:    Size  Location     Type
		None
 Auto vars:     Size  Location     Type
		None
 Return value:  Size  Location     Type
                  1    wreg      void 
 Registers used:
		wreg, status,2
 Tracked objects:
		On entry : 
		On exit  : 
		Unchanged: 
 Data sizes:     COMMON   BANK0   BANK1   BANK3   BANK2
      Params:         0       0       0       0       0
      Locals:         0       0       0       0       0
      Temps:          0       0       0       0       0
      Totals:         0       0       0       0       0
Total ram usage:        0 bytes
 Hardware stack levels used:    1
 Hardware stack levels required when called:    1
 This function calls:
		Nothing
 This function is called by:
		_setup
 This function uses a non-reentrant model


 *************** function _s3spi *****************
 Defined at:
		line 170 in file "mas.c"
 Parameters:    Size  Location     Type
		None
 Auto vars:     Size  Location     Type
		None
 Return value:  Size  Location     Type
                  1    wreg      void 
 Registers used:
		wreg, status,2
 Tracked objects:
		On entry : 
		On exit  : 
		Unchanged: 
 Data sizes:     COMMON   BANK0   BANK1   BANK3   BANK2
      Params:         0       0       0       0       0
      Locals:         0       0       0       0       0
      Temps:          1       0       0       0       0
      Totals:         1       0       0       0       0
Total ram usage:        1 bytes
 Hardware stack levels used:    1
 Hardware stack levels required when called:    1
 This function calls:
		Nothing
 This function is called by:
		_main
 This function uses a non-reentrant model


 *************** function _s2spi *****************
 Defined at:
		line 165 in file "mas.c"
 Parameters:    Size  Location     Type
		None
 Auto vars:     Size  Location     Type
		None
 Return value:  Size  Location     Type
                  1    wreg      void 
 Registers used:
		wreg, status,2
 Tracked objects:
		On entry : 
		On exit  : 
		Unchanged: 
 Data sizes:     COMMON   BANK0   BANK1   BANK3   BANK2
      Params:         0       0       0       0       0
      Locals:         0       0       0       0       0
      Temps:          1       0       0       0       0
      Totals:         1       0       0       0       0
Total ram usage:        1 bytes
 Hardware stack levels used:    1
 Hardware stack levels required when called:    1
 This function calls:
		Nothing
 This function is called by:
		_main
 This function uses a non-reentrant model


 *************** function _s1spi *****************
 Defined at:
		line 159 in file "mas.c"
 Parameters:    Size  Location     Type
		None
 Auto vars:     Size  Location     Type
		None
 Return value:  Size  Location     Type
                  1    wreg      void 
 Registers used:
		wreg, status,2
 Tracked objects:
		On entry : 
		On exit  : 
		Unchanged: 
 Data sizes:     COMMON   BANK0   BANK1   BANK3   BANK2
      Params:         0       0       0       0       0
      Locals:         0       0       0       0       0
      Temps:          1       0       0       0       0
      Totals:         1       0       0       0       0
Total ram usage:        1 bytes
 Hardware stack levels used:    1
 Hardware stack levels required when called:    1
 This function calls:
		Nothing
 This function is called by:
		_main
 This function uses a non-reentrant model


 *************** function _map_var *****************
 Defined at:
		line 244 in file "mas.c"
 Parameters:    Size  Location     Type
  v_in            1    wreg     unsigned char 
  v_out           1   10[BANK0 ] PTR unsigned char 
		 -> temp_m(1), 
  inMin           1   11[BANK0 ] unsigned char 
  inMax           1   12[BANK0 ] unsigned char 
  outMin          1   13[BANK0 ] unsigned char 
  outMax          1   14[BANK0 ] unsigned char 
 Auto vars:     Size  Location     Type
  v_in            1   18[BANK0 ] unsigned char 
 Return value:  Size  Location     Type
                  1    wreg      void 
 Registers used:
		wreg, fsr0l, fsr0h, status,2, status,0, pclath, cstack
 Tracked objects:
		On entry : 
		On exit  : 
		Unchanged: 
 Data sizes:     COMMON   BANK0   BANK1   BANK3   BANK2
      Params:         0       5       0       0       0
      Locals:         0       1       0       0       0
      Temps:          0       3       0       0       0
      Totals:         0       9       0       0       0
Total ram usage:        9 bytes
 Hardware stack levels used:    1
 Hardware stack levels required when called:    2
 This function calls:
		___awdiv
		___wmul
 This function is called by:
		_main
 This function uses a non-reentrant model


 *************** function ___wmul *****************
 Defined at:
		line 15 in file "C:\Program Files\Microchip\xc8\v2.31\pic\sources\c90\common\Umul16.c"
 Parameters:    Size  Location     Type
  multiplier      2    3[COMMON] unsigned int 
  multiplicand    2    5[COMMON] unsigned int 
 Auto vars:     Size  Location     Type
  product         2    0[BANK0 ] unsigned int 
 Return value:  Size  Location     Type
                  2    3[COMMON] unsigned int 
 Registers used:
		wreg, status,2, status,0
 Tracked objects:
		On entry : 
		On exit  : 
		Unchanged: 
 Data sizes:     COMMON   BANK0   BANK1   BANK3   BANK2
      Params:         4       0       0       0       0
      Locals:         0       2       0       0       0
      Temps:          0       0       0       0       0
      Totals:         4       2       0       0       0
Total ram usage:        6 bytes
 Hardware stack levels used:    1
 Hardware stack levels required when called:    1
 This function calls:
		Nothing
 This function is called by:
		_map_var
 This function uses a non-reentrant model


 *************** function ___awdiv *****************
 Defined at:
		line 5 in file "C:\Program Files\Microchip\xc8\v2.31\pic\sources\c90\common\awdiv.c"
 Parameters:    Size  Location     Type
  divisor         2    2[BANK0 ] int 
  dividend        2    4[BANK0 ] int 
 Auto vars:     Size  Location     Type
  quotient        2    8[BANK0 ] int 
  sign            1    7[BANK0 ] unsigned char 
  counter         1    6[BANK0 ] unsigned char 
 Return value:  Size  Location     Type
                  2    2[BANK0 ] int 
 Registers used:
		wreg, status,2, status,0
 Tracked objects:
		On entry : 
		On exit  : 
		Unchanged: 
 Data sizes:     COMMON   BANK0   BANK1   BANK3   BANK2
      Params:         0       4       0       0       0
      Locals:         0       4       0       0       0
      Temps:          1       0       0       0       0
      Totals:         1       8       0       0       0
Total ram usage:        9 bytes
 Hardware stack levels used:    1
 Hardware stack levels required when called:    1
 This function calls:
		Nothing
 This function is called by:
		_map_var
 This function uses a non-reentrant model


 *************** function _header *****************
 Defined at:
		line 116 in file "mas.c"
 Parameters:    Size  Location     Type
		None
 Auto vars:     Size  Location     Type
		None
 Return value:  Size  Location     Type
                  1    wreg      void 
 Registers used:
		wreg, status,2, status,0, pclath, cstack
 Tracked objects:
		On entry : 
		On exit  : 
		Unchanged: 
 Data sizes:     COMMON   BANK0   BANK1   BANK3   BANK2
      Params:         0       0       0       0       0
      Locals:         0       0       0       0       0
      Temps:          2       0       0       0       0
      Totals:         2       0       0       0       0
Total ram usage:        2 bytes
 Hardware stack levels used:    1
 Hardware stack levels required when called:    2
 This function calls:
		_tnl_usart
		_tvirt_usart
 This function is called by:
		_main
 This function uses a non-reentrant model


 *************** function _tvirt_usart *****************
 Defined at:
		line 21 in file "usart.c"
 Parameters:    Size  Location     Type
  t               1    wreg     unsigned char 
 Auto vars:     Size  Location     Type
  t               1    3[COMMON] unsigned char 
 Return value:  Size  Location     Type
                  1    wreg      void 
 Registers used:
		wreg
 Tracked objects:
		On entry : 
		On exit  : 
		Unchanged: 
 Data sizes:     COMMON   BANK0   BANK1   BANK3   BANK2
      Params:         0       0       0       0       0
      Locals:         1       0       0       0       0
      Temps:          0       0       0       0       0
      Totals:         1       0       0       0       0
Total ram usage:        1 bytes
 Hardware stack levels used:    1
 Hardware stack levels required when called:    1
 This function calls:
		Nothing
 This function is called by:
		_header
		_show
		_usart_string
 This function uses a non-reentrant model


 *************** function _tnl_usart *****************
 Defined at:
		line 27 in file "usart.c"
 Parameters:    Size  Location     Type
		None
 Auto vars:     Size  Location     Type
		None
 Return value:  Size  Location     Type
                  1    wreg      void 
 Registers used:
		wreg
 Tracked objects:
		On entry : 
		On exit  : 
		Unchanged: 
 Data sizes:     COMMON   BANK0   BANK1   BANK3   BANK2
      Params:         0       0       0       0       0
      Locals:         0       0       0       0       0
      Temps:          0       0       0       0       0
      Totals:         0       0       0       0       0
Total ram usage:        0 bytes
 Hardware stack levels used:    1
 Hardware stack levels required when called:    1
 This function calls:
		Nothing
 This function is called by:
		_main
		_header
 This function uses a non-reentrant model


 *************** function _LCD_Init *****************
 Defined at:
		line 31 in file "lcd.c"
 Parameters:    Size  Location     Type
		None
 Auto vars:     Size  Location     Type
		None
 Return value:  Size  Location     Type
                  1    wreg      void 
 Registers used:
		wreg, status,2, status,0, pclath, cstack
 Tracked objects:
		On entry : 
		On exit  : 
		Unchanged: 
 Data sizes:     COMMON   BANK0   BANK1   BANK3   BANK2
      Params:         0       0       0       0       0
      Locals:         0       0       0       0       0
      Temps:          0       2       0       0       0
      Totals:         0       2       0       0       0
Total ram usage:        2 bytes
 Hardware stack levels used:    1
 Hardware stack levels required when called:    3
 This function calls:
		_LCD_cmd
		_LCD_datos
 This function is called by:
		_main
 This function uses a non-reentrant model


 *************** function _LCD_cmd *****************
 Defined at:
		line 79 in file "lcd.c"
 Parameters:    Size  Location     Type
  a               1    wreg     unsigned char 
 Auto vars:     Size  Location     Type
  a               1    6[COMMON] unsigned char 
 Return value:  Size  Location     Type
                  1    wreg      void 
 Registers used:
		wreg, status,2, status,0, pclath, cstack
 Tracked objects:
		On entry : 
		On exit  : 
		Unchanged: 
 Data sizes:     COMMON   BANK0   BANK1   BANK3   BANK2
      Params:         0       0       0       0       0
      Locals:         1       0       0       0       0
      Temps:          2       0       0       0       0
      Totals:         3       0       0       0       0
Total ram usage:        3 bytes
 Hardware stack levels used:    1
 Hardware stack levels required when called:    2
 This function calls:
		_LCD_datos
 This function is called by:
		_LCD_Init
		_LCD_move_cursor
		_Clear
		_shift_right
		_shift_left
 This function uses a non-reentrant model


 *************** function _LCD_datos *****************
 Defined at:
		line 44 in file "lcd.c"
 Parameters:    Size  Location     Type
  a               1    wreg     unsigned char 
 Auto vars:     Size  Location     Type
  a               1    3[COMMON] unsigned char 
 Return value:  Size  Location     Type
                  1    wreg      void 
 Registers used:
		wreg
 Tracked objects:
		On entry : 
		On exit  : 
		Unchanged: 
 Data sizes:     COMMON   BANK0   BANK1   BANK3   BANK2
      Params:         0       0       0       0       0
      Locals:         1       0       0       0       0
      Temps:          0       0       0       0       0
      Totals:         1       0       0       0       0
Total ram usage:        1 bytes
 Hardware stack levels used:    1
 Hardware stack levels required when called:    1
 This function calls:
		Nothing
 This function is called by:
		_LCD_Init
		_LCD_cmd
		_LCD_data_char
 This function uses a non-reentrant model


 *************** function _int1 *****************
 Defined at:
		line 287 in file "mas.c"
 Parameters:    Size  Location     Type
		None
 Auto vars:     Size  Location     Type
		None
 Return value:  Size  Location     Type
                  1    wreg      void 
 Registers used:
		wreg
 Tracked objects:
		On entry : 
		On exit  : 
		Unchanged: 
 Data sizes:     COMMON   BANK0   BANK1   BANK3   BANK2
      Params:         0       0       0       0       0
      Locals:         0       0       0       0       0
      Temps:          3       0       0       0       0
      Totals:         3       0       0       0       0
Total ram usage:        3 bytes
 Hardware stack levels used:    1
 This function calls:
		Nothing
 This function is called by:
		Interrupt level 1
 This function uses a non-reentrant model



MODULE INFORMATION

Module		Function		Class		Link	Load	Size
mas.c
		_conts         		CODE           	0546	0000	59
		_s2spi         		CODE           	0700	0000	14
		_s3spi         		CODE           	06F2	0000	14
		_main          		CODE           	0322	0000	127
		_titulo        		CODE           	06E3	0000	15
		_map_var       		CODE           	0581	0000	52
		_show          		CODE           	0029	0000	497
		_header        		CODE           	021A	0000	264
		_int1          		CODE           	05B5	0000	45
		_setup         		CODE           	05E2	0000	44
		_voltaje       		CODE           	050A	0000	60
		_s1spi         		CODE           	070E	0000	14

mas.c estimated size: 1205

usart.c
		_tvirt_usart   		CODE           	071C	0000	12
		_n_ascii       		CODE           	03A1	0000	120
		_config_us     		CODE           	06D2	0000	17
		_tnl_usart     		CODE           	0728	0000	11

usart.c estimated size: 160

C:\Program Files\Microchip\xc8\v2.31\pic\sources\c90\common\Umul16.c
		___wmul        		CODE           	060E	0000	43

C:\Program Files\Microchip\xc8\v2.31\pic\sources\c90\common\Umul16.c estimated size: 43

C:\Program Files\Microchip\xc8\v2.31\pic\sources\c90\common\awdiv.c
		___awdiv       		CODE           	0419	0000	105

C:\Program Files\Microchip\xc8\v2.31\pic\sources\c90\common\awdiv.c estimated size: 105

shared
		__stringtab    		STRING         	0688	0000	6
		__initialization		CODE           	000F	0000	22

shared estimated size: 28

lcd.c
		_LCD_Init      		CODE           	0482	0000	74
		_LCD_move_cursor		CODE           	0662	0000	38
		_LCD_data_string		CODE           	0639	0000	41
		_LCD_cmd       		CODE           	06A2	0000	26
		_LCD_datos     		CODE           	04CC	0000	62
		_LCD_data_char 		CODE           	06BC	0000	22

lcd.c estimated size: 263

