******************************************************************************
                  TI ARM Linker PC v20.2.5                     
******************************************************************************
>> Linked Tue May 25 12:36:03 2021

OUTPUT FILE NAME:   <Proyecto_4.out>
ENTRY POINT SYMBOL: "_c_int00_noargs"  address: 00000be1


MEMORY CONFIGURATION

         name            origin    length      used     unused   attr    fill
----------------------  --------  ---------  --------  --------  ----  --------
  FLASH                 00000000   00040000  00000f0c  0003f0f4  R  X
  SRAM                  20000000   00008000  00000221  00007ddf  RW X


SEGMENT ALLOCATION MAP

run origin  load origin   length   init length attrs members
----------  ----------- ---------- ----------- ----- -------
00000000    00000000    00000f10   00000f10    r-x
  00000000    00000000    0000026c   0000026c    r-- .intvecs
  0000026c    0000026c    00000afc   00000afc    r-x .text
  00000d68    00000d68    0000016c   0000016c    r-- .const
  00000ed8    00000ed8    00000038   00000038    r-- .cinit
20000000    20000000    00000224   00000000    rw-
  20000000    20000000    00000200   00000000    rw- .stack
  20000200    20000200    0000001d   00000000    rw- .data
  20000220    20000220    00000004   00000000    rw- .bss


SECTION ALLOCATION MAP

 output                                  attributes/
section   page    origin      length       input sections
--------  ----  ----------  ----------   ----------------
.intvecs   0    00000000    0000026c     
                  00000000    0000026c     tm4c123gh6pm_startup_ccs.obj (.intvecs)

.text      0    0000026c    00000afc     
                  0000026c    00000368     main.obj (.text)
                  000005d4    00000132     driverlib.lib : gpio.obj (.text:GPIOPadConfigSet)
                  00000706    00000002     --HOLE-- [fill = 0]
                  00000708    00000110                   : sysctl.obj (.text:SysCtlClockGet)
                  00000818    000000f4                   : sysctl.obj (.text:SysCtlClockSet)
                  0000090c    0000009c     rtsv7M4_T_le_v4SPD16_eabi.lib : memcpy_t2.asm.obj (.text)
                  000009a8    00000068     driverlib.lib : interrupt.obj (.text:IntEnable)
                  00000a10    00000068     rtsv7M4_T_le_v4SPD16_eabi.lib : copy_decompress_lzss.c.obj (.text:decompress:lzss:__TI_decompress_lzss)
                  00000a78    00000060     driverlib.lib : timer.obj (.text:TimerConfigure)
                  00000ad8    00000048                   : gpio.obj (.text:GPIOPinConfigure)
                  00000b20    00000046                   : uart.obj (.text:UARTConfigSetExpClk)
                  00000b66    00000002     --HOLE-- [fill = 0]
                  00000b68    00000044     rtsv7M4_T_le_v4SPD16_eabi.lib : autoinit.c.obj (.text:__TI_auto_init_nobinit_nopinit:__TI_auto_init_nobinit_nopinit)
                  00000bac    00000034     driverlib.lib : sysctl.obj (.text:SysCtlPeripheralEnable)
                  00000be0    00000034     rtsv7M4_T_le_v4SPD16_eabi.lib : boot_cortex_m.c.obj (.text:_c_int00_noargs:_c_int00_noargs)
                  00000c14    0000002a     driverlib.lib : gpio.obj (.text:GPIODirModeSet)
                  00000c3e    00000002     --HOLE-- [fill = 0]
                  00000c40    00000020                   : uart.obj (.text:UARTDisable)
                  00000c60    0000001c     rtsv7M4_T_le_v4SPD16_eabi.lib : copy_zero_init.c.obj (.text:decompress:ZI:__TI_zero_init_nomemset:__TI_zero_init_nomemset)
                  00000c7c    00000018     driverlib.lib : gpio.obj (.text:GPIOPinTypeGPIOOutput)
                  00000c94    00000014                   : uart.obj (.text:UARTEnable)
                  00000ca8    00000012                   : gpio.obj (.text:GPIOPinTypeGPIOInput)
                  00000cba    00000012                   : gpio.obj (.text:GPIOPinTypeUART)
                  00000ccc    00000012                   : timer.obj (.text:TimerLoadSet)
                  00000cde    00000010                   : interrupt.obj (.text:IntMasterEnable)
                  00000cee    0000000e                   : timer.obj (.text:TimerEnable)
                  00000cfc    0000000e     rtsv7M4_T_le_v4SPD16_eabi.lib : copy_decompress_none.c.obj (.text:decompress:none:__TI_decompress_none)
                  00000d0a    0000000c     driverlib.lib : cpu.obj (.text:CPUcpsie)
                  00000d16    0000000c     tm4c123gh6pm_startup_ccs.obj (.text)
                  00000d22    0000000a     driverlib.lib : uart.obj (.text:UARTCharGet)
                  00000d2c    0000000a                   : uart.obj (.text:UARTCharPut)
                  00000d36    00000008                   : timer.obj (.text:TimerIntEnable)
                  00000d3e    00000008                   : uart.obj (.text:UARTIntEnable)
                  00000d46    00000006                   : gpio.obj (.text:GPIOPinRead)
                  00000d4c    00000006                   : gpio.obj (.text:GPIOPinWrite)
                  00000d52    00000006                   : sysctl.obj (.text:SysCtlDelay)
                  00000d58    00000004                   : timer.obj (.text:TimerIntClear)
                  00000d5c    00000004                   : uart.obj (.text:UARTIntClear)
                  00000d60    00000004     rtsv7M4_T_le_v4SPD16_eabi.lib : pre_init.c.obj (.text:_system_pre_init)
                  00000d64    00000004                                   : exit.c.obj (.text:abort:abort)

.const     0    00000d68    0000016c     
                  00000d68    00000090     driverlib.lib : gpio.obj (.const:g_pui32GPIOBaseAddrs)
                  00000df8    00000070                   : interrupt.obj (.const)
                  00000e68    0000006c                   : sysctl.obj (.const:g_pui32Xtals)

.cinit     0    00000ed8    00000038     
                  00000ed8    00000012     (.cinit..data.load) [load image, compression = lzss]
                  00000eea    00000002     --HOLE-- [fill = 0]
                  00000eec    0000000c     (__TI_handler_table)
                  00000ef8    00000008     (.cinit..bss.load) [load image, compression = zero_init]
                  00000f00    00000010     (__TI_cinit_table)

.init_array 
*          0    00000000    00000000     UNINITIALIZED

.data      0    20000200    0000001d     UNINITIALIZED
                  20000200    0000001d     main.obj (.data)

.bss       0    20000220    00000004     UNINITIALIZED
                  20000220    00000004     (.common:ui32Period)

.stack     0    20000000    00000200     UNINITIALIZED
                  20000000    00000004     rtsv7M4_T_le_v4SPD16_eabi.lib : boot_cortex_m.c.obj (.stack)
                  20000004    000001fc     --HOLE--

__llvm_prf_cnts 
*          0    20000000    00000000     UNINITIALIZED

MODULE SUMMARY

       Module                         code   ro data   rw data
       ------                         ----   -------   -------
    .\
       main.obj                       872    0         33     
       tm4c123gh6pm_startup_ccs.obj   12     620       0      
    +--+------------------------------+------+---------+---------+
       Total:                         884    620       33     
                                                              
    C:/ti/TivaWare_C_Series-2.1.4.178/driverlib/ccs/Debug/driverlib.lib
       sysctl.obj                     574    108       0      
       gpio.obj                       492    144       0      
       interrupt.obj                  120    112       0      
       uart.obj                       154    0         0      
       timer.obj                      140    0         0      
       cpu.obj                        12     0         0      
    +--+------------------------------+------+---------+---------+
       Total:                         1492   364       0      
                                                              
    C:\ti\ccs1031\ccs\tools\compiler\ti-cgt-arm_20.2.5.LTS\lib\rtsv7M4_T_le_v4SPD16_eabi.lib
       memcpy_t2.asm.obj              156    0         0      
       copy_decompress_lzss.c.obj     104    0         0      
       autoinit.c.obj                 68     0         0      
       boot_cortex_m.c.obj            52     0         0      
       copy_zero_init.c.obj           28     0         0      
       copy_decompress_none.c.obj     14     0         0      
       exit.c.obj                     4      0         0      
       pre_init.c.obj                 4      0         0      
    +--+------------------------------+------+---------+---------+
       Total:                         430    0         0      
                                                              
       Stack:                         0      0         512    
       Linker Generated:              0      54        0      
    +--+------------------------------+------+---------+---------+
       Grand Total:                   2806   1038      545    


LINKER GENERATED COPY TABLES

__TI_cinit_table @ 00000f00 records: 2, size/record: 8, table size: 16
	.data: load addr=00000ed8, load size=00000012 bytes, run addr=20000200, run size=0000001d bytes, compression=lzss
	.bss: load addr=00000ef8, load size=00000008 bytes, run addr=20000220, run size=00000004 bytes, compression=zero_init


LINKER GENERATED HANDLER TABLE

__TI_handler_table @ 00000eec records: 3, size/record: 4, table size: 12
	index: 0, handler: __TI_decompress_lzss
	index: 1, handler: __TI_decompress_none
	index: 2, handler: __TI_zero_init


GLOBAL SYMBOLS: SORTED ALPHABETICALLY BY Name 

address   name                          
-------   ----                          
00000d65  C$$EXIT                       
00000d0b  CPUcpsie                      
00000c15  GPIODirModeSet                
000005d5  GPIOPadConfigSet              
00000ad9  GPIOPinConfigure              
00000d47  GPIOPinRead                   
00000ca9  GPIOPinTypeGPIOInput          
00000c7d  GPIOPinTypeGPIOOutput         
00000cbb  GPIOPinTypeUART               
00000d4d  GPIOPinWrite                  
000003fb  InitUART                      
000009a9  IntEnable                     
00000cdf  IntMasterEnable               
00000d17  ResetISR                      
00000709  SysCtlClockGet                
00000819  SysCtlClockSet                
00000d53  SysCtlDelay                   
00000bad  SysCtlPeripheralEnable        
00000485  Timer0IntHandler              
00000a79  TimerConfigure                
00000cef  TimerEnable                   
00000d59  TimerIntClear                 
00000d37  TimerIntEnable                
00000ccd  TimerLoadSet                  
00000d23  UARTCharGet                   
00000d2d  UARTCharPut                   
00000b21  UARTConfigSetExpClk           
00000c41  UARTDisable                   
00000c95  UARTEnable                    
00000d5d  UARTIntClear                  
00000d3f  UARTIntEnable                 
00000497  UARTIntHandler                
20000200  __STACK_END                   
00000200  __STACK_SIZE                  
20000200  __STACK_TOP                   
00000f00  __TI_CINIT_Base               
00000f10  __TI_CINIT_Limit              
00000eec  __TI_Handler_Table_Base       
00000ef8  __TI_Handler_Table_Limit      
00000b69  __TI_auto_init_nobinit_nopinit
00000a11  __TI_decompress_lzss          
00000cfd  __TI_decompress_none          
ffffffff  __TI_pprof_out_hndl           
ffffffff  __TI_prof_data_size           
ffffffff  __TI_prof_data_start          
00000000  __TI_static_base__            
00000c61  __TI_zero_init_nomemset       
0000090d  __aeabi_memcpy                
0000090d  __aeabi_memcpy4               
0000090d  __aeabi_memcpy8               
ffffffff  __binit__                     
ffffffff  __c_args__                    
UNDEFED   __mpu_init                    
20000000  __stack                       
20000000  __start___llvm_prf_cnts       
20000000  __stop___llvm_prf_cnts        
00000be1  _c_int00_noargs               
UNDEFED   _system_post_cinit            
00000d61  _system_pre_init              
00000d65  abort                         
ffffffff  binit                         
20000218  botones                       
2000021c  disp                          
00000000  g_pfnVectors                  
20000200  i                             
0000026d  main                          
0000090d  memcpy                        
20000209  par1                          
20000211  par1o                         
2000020d  par1s                         
2000020a  par2                          
20000212  par2o                         
2000020e  par2s                         
2000020b  par3                          
20000213  par3o                         
2000020f  par3s                         
2000020c  par4                          
20000214  par4o                         
20000210  par4s                         
20000204  receive                       
20000208  send_data                     
000004b7  setup                         
20000220  ui32Period                    


GLOBAL SYMBOLS: SORTED BY Symbol Address 

address   name                          
-------   ----                          
00000000  __TI_static_base__            
00000000  g_pfnVectors                  
00000200  __STACK_SIZE                  
0000026d  main                          
000003fb  InitUART                      
00000485  Timer0IntHandler              
00000497  UARTIntHandler                
000004b7  setup                         
000005d5  GPIOPadConfigSet              
00000709  SysCtlClockGet                
00000819  SysCtlClockSet                
0000090d  __aeabi_memcpy                
0000090d  __aeabi_memcpy4               
0000090d  __aeabi_memcpy8               
0000090d  memcpy                        
000009a9  IntEnable                     
00000a11  __TI_decompress_lzss          
00000a79  TimerConfigure                
00000ad9  GPIOPinConfigure              
00000b21  UARTConfigSetExpClk           
00000b69  __TI_auto_init_nobinit_nopinit
00000bad  SysCtlPeripheralEnable        
00000be1  _c_int00_noargs               
00000c15  GPIODirModeSet                
00000c41  UARTDisable                   
00000c61  __TI_zero_init_nomemset       
00000c7d  GPIOPinTypeGPIOOutput         
00000c95  UARTEnable                    
00000ca9  GPIOPinTypeGPIOInput          
00000cbb  GPIOPinTypeUART               
00000ccd  TimerLoadSet                  
00000cdf  IntMasterEnable               
00000cef  TimerEnable                   
00000cfd  __TI_decompress_none          
00000d0b  CPUcpsie                      
00000d17  ResetISR                      
00000d23  UARTCharGet                   
00000d2d  UARTCharPut                   
00000d37  TimerIntEnable                
00000d3f  UARTIntEnable                 
00000d47  GPIOPinRead                   
00000d4d  GPIOPinWrite                  
00000d53  SysCtlDelay                   
00000d59  TimerIntClear                 
00000d5d  UARTIntClear                  
00000d61  _system_pre_init              
00000d65  C$$EXIT                       
00000d65  abort                         
00000eec  __TI_Handler_Table_Base       
00000ef8  __TI_Handler_Table_Limit      
00000f00  __TI_CINIT_Base               
00000f10  __TI_CINIT_Limit              
20000000  __stack                       
20000000  __start___llvm_prf_cnts       
20000000  __stop___llvm_prf_cnts        
20000200  __STACK_END                   
20000200  __STACK_TOP                   
20000200  i                             
20000204  receive                       
20000208  send_data                     
20000209  par1                          
2000020a  par2                          
2000020b  par3                          
2000020c  par4                          
2000020d  par1s                         
2000020e  par2s                         
2000020f  par3s                         
20000210  par4s                         
20000211  par1o                         
20000212  par2o                         
20000213  par3o                         
20000214  par4o                         
20000218  botones                       
2000021c  disp                          
20000220  ui32Period                    
ffffffff  __TI_pprof_out_hndl           
ffffffff  __TI_prof_data_size           
ffffffff  __TI_prof_data_start          
ffffffff  __binit__                     
ffffffff  __c_args__                    
ffffffff  binit                         
UNDEFED   __mpu_init                    
UNDEFED   _system_post_cinit            

[83 symbols]
