Microchip MPLAB XC8 Compiler V2.31

Linker command line:

-W-3 --edf=C:\Program Files\Microchip\xc8\v2.31\pic\dat\en_msgs.txt -cn \
  -h+dist/default/production\Lab3.X.production.sym \
  --cmf=dist/default/production\Lab3.X.production.cmf -z -w9 --disl=596:off \
  --norlf -Q16F887 -oC:\Users\ALESAM~1\AppData\Local\Temp\sl70.2 \
  --defsym=__MPLAB_BUILD=1 -Mdist/default/production/Lab3.X.production.map \
  -E1 -ver=XC8 Compiler --acfsm=1493 -ACODE=00h-07FFhx4 \
  -ASTRCODE=00h-01FFFh -ASTRING=00h-0FFhx32 -ACONST=00h-0FFhx32 \
  -AENTRY=00h-0FFhx32 -ACOMMON=070h-07Fh -ABANK0=020h-06Fh \
  -ABANK1=0A0h-0EFh -ABANK2=0110h-016Fh -ABANK3=0190h-01EFh \
  -ARAM=020h-06Fh,0A0h-0EFh,0110h-016Fh,0190h-01EFh \
  -AABS1=020h-07Fh,0A0h-0EFh,0110h-016Fh,0190h-01EFh -ASFR0=00h-01Fh \
  -ASFR1=080h-09Fh -ASFR2=0100h-010Fh -ASFR3=0180h-018Fh \
  -ACONFIG=02007h-02008h -DCONFIG=2 -AIDLOC=02000h-02003h -DIDLOC=2 \
  -AEEDATA=00h-0FFh/02100h -peeprom_data=EEDATA -DEEDATA=2 -DCODE=2 \
  -DSTRCODE=2 -DSTRING=2 -DCONST=2 -DENTRY=2 \
  -preset_vec=00h,intentry,init,end_init -ppowerup=CODE -pcinit=CODE \
  -pfunctab=ENTRY -k C:\Users\ALESAM~1\AppData\Local\Temp\sl70.o \
  dist/default/production\Lab3.X.production.o 

Object code version is 3.11

Machine type is 16F887



                Name                               Link     Load   Length Selector   Space Scale
C:\Users\ALESAM~1\AppData\Local\Temp\sl70.o
                end_init                              8        8        4        0       0
                config                             2007     2007        2        0       4
dist/default/production\Lab3.X.production.o
                cinit                               7EF      7EF       11      FDE       0
                intentry                              0        0        8        0       0
                text2_split_1                        5E       5E      791       BC       0
                config                             2007     2007        2        0       4
                text39                                0        0        8        0       0
                text38                             18DA     18DA       2D     31B4       0
                text37                                8        8       13        0       0
                text36                             1F04     1F04       FC     3E08       0
                text35                              802      802       3E     1004       0
                text34                               1B       1B       24        0       0
                text33                               3F       3F        D        0       0
                text32                               4C       4C       2C        0       0
                text31                               78       78       24        0       0
                text30                               9C       9C       46        0       0
                text29                               E2       E2       1A        0       0
                text28                             1AAD     1AAD       9D     355A       0
                text27                             1E27     1E27       DD     3C4E       0
                text26                               FC       FC        C        0       0
                text25                              108      108       2B        0       0
                text24                             1003     1003       1F     2006       0
                text23                              133      133       50        0       0
                text22                             1B4A     1B4A       A4     3694       0
                text21                              183      183        B        0       0
                text20                             122F     122F      288     245E       0
                text19                                E        E       50       1C       0
                text18                             1A31     1A31       7C     3462       0
                text17                             1960     1960       68     32C0       0
                text16                              18E      18E       56        0       0
                text15                              1E4      1E4       25        0       0
                text14                             1BEE     1BEE       BC     37DC       0
                text13                             1D67     1D67       C0     3ACE       0
                text12                             1CAA     1CAA       BD     3954       0
                text11                              209      209       29        0       0
                text10                              93C      93C      361     1278       0
                text9                               232      232       46        0       0
                text8                               278      278       3A        0       0
                text7                              1022     1022      20D     2044       0
                text6                               2B2      2B2       12        0       0
                text5                              19C8     19C8       69     3390       0
                text4                              1907     1907       59     320E       0
                text3                               C9D      C9D      363     193A       0
                text2                              14B7     14B7      349     296E       0
                text1                               2C4      2C4       38        0       0
                maintext                            840      840       FC     1080       0
                cstackBANK0                          20       20       4F       20       1
                cstackCOMMON                         70       70        A       70       1
                cstackBANK1                          BE       BE       18       A0       1
                cstackBANK3                         190      190       1B      190       1
                clrtext                             2FC      2FC        8        0       0
                bssBANK1                             A0       A0       1E       A0       1
                bssBANK0                             6F       6F        1       20       1
                bssCOMMON                            7A       7A        1       70       1
                strings                            1800     1800       D8     3000       0

TOTAL           Name                               Link     Load   Length     Space
        CLASS   CODE           
                end_init                              8        8        4         0
                cinit                               7EF      7EF       11         0
                intentry                              0        0        8         0
                text2_split_1                        5E       5E      791         0
                text39                                0        0        8         0
                text38                             18DA     18DA       2D         0
                text37                                8        8       13         0
                text36                             1F04     1F04       FC         0
                text35                              802      802       3E         0
                text34                               1B       1B       24         0
                text33                               3F       3F        D         0
                text32                               4C       4C       2C         0
                text31                               78       78       24         0
                text30                               9C       9C       46         0
                text29                               E2       E2       1A         0
                text28                             1AAD     1AAD       9D         0
                text27                             1E27     1E27       DD         0
                text26                               FC       FC        C         0
                text25                              108      108       2B         0
                text24                             1003     1003       1F         0
                text23                              133      133       50         0
                text22                             1B4A     1B4A       A4         0
                text21                              183      183        B         0
                text20                             122F     122F      288         0
                text19                                E        E       50         0
                text18                             1A31     1A31       7C         0
                text17                             1960     1960       68         0
                text16                              18E      18E       56         0
                text15                              1E4      1E4       25         0
                text14                             1BEE     1BEE       BC         0
                text13                             1D67     1D67       C0         0
                text12                             1CAA     1CAA       BD         0
                text11                              209      209       29         0
                text10                              93C      93C      361         0
                text9                               232      232       46         0
                text8                               278      278       3A         0
                text7                              1022     1022      20D         0
                text6                               2B2      2B2       12         0
                text5                              19C8     19C8       69         0
                text4                              1907     1907       59         0
                text3                               C9D      C9D      363         0
                text2                              14B7     14B7      349         0
                text1                               2C4      2C4       38         0
                maintext                            840      840       FC         0
                clrtext                             2FC      2FC        8         0

        CLASS   STRCODE        

        CLASS   STRING         
                strings                            1800     1800       D8         0

        CLASS   CONST          

        CLASS   ENTRY          

        CLASS   COMMON         
                cstackCOMMON                         70       70        A         1
                bssCOMMON                            7A       7A        1         1

        CLASS   BANK0          
                cstackBANK0                          20       20       4F         1
                bssBANK0                             6F       6F        1         1

        CLASS   BANK1          
                cstackBANK1                          BE       BE       18         1
                bssBANK1                             A0       A0       1E         1

        CLASS   BANK2          

        CLASS   BANK3          
                cstackBANK3                         190      190       1B         1

        CLASS   RAM            

        CLASS   ABS1           
                abs_s1                               7E       7E        2         1

        CLASS   SFR0           

        CLASS   SFR1           

        CLASS   SFR2           

        CLASS   SFR3           

        CLASS   CONFIG         
                config                             2007     2007        2         4

        CLASS   IDLOC          

        CLASS   EEDATA         

        CLASS   STACK          



SEGMENTS        Name                           Load    Length   Top    Selector   Space  Class     Delta

                reset_vec                      000000  00000C  00000C         0       0  CODE        2
                text19                         00000E  000050  00005E        1C       0  CODE        2
                cstackBANK0                    000020  000050  000070        20       1  BANK0       1
                cstackCOMMON                   000070  00000B  00007B        70       1  COMMON      1
                bssBANK1                       0000A0  000036  0000D6        A0       1  BANK1       1
                text2_split_1                  00005E  000791  0007EF        BC       0  CODE        2
                cstackBANK3                    000190  00001B  0001AB       190       1  BANK3       1
                cinit                          0007EF  000011  000800       FDE       0  CODE        2
                text35                         000802  00003E  000840      1004       0  CODE        2
                maintext                       000840  0000FC  00093C      1080       0  CODE        2
                text10                         00093C  000361  000C9D      1278       0  CODE        2
                text3                          000C9D  000363  001000      193A       0  CODE        2
                text24                         001003  00001F  001022      2006       0  CODE        2
                text7                          001022  00020D  00122F      2044       0  CODE        2
                text20                         00122F  000288  0014B7      245E       0  CODE        2
                text2                          0014B7  000349  001800      296E       0  CODE        2
                strings                        001800  0000D8  0018D8      3000       0  STRING      2
                text38                         0018DA  00002D  001907      31B4       0  CODE        2
                text4                          001907  000059  001960      320E       0  CODE        2
                text17                         001960  000068  0019C8      32C0       0  CODE        2
                text5                          0019C8  000069  001A31      3390       0  CODE        2
                text18                         001A31  00007C  001AAD      3462       0  CODE        2
                text28                         001AAD  00009D  001B4A      355A       0  CODE        2
                text22                         001B4A  0000A4  001BEE      3694       0  CODE        2
                text14                         001BEE  0000BC  001CAA      37DC       0  CODE        2
                text12                         001CAA  0000BD  001D67      3954       0  CODE        2
                text13                         001D67  0000C0  001E27      3ACE       0  CODE        2
                text27                         001E27  0000DD  001F04      3C4E       0  CODE        2
                text36                         001F04  0000FC  002000      3E08       0  CODE        2


UNUSED ADDRESS RANGES

        Name                Unused          Largest block    Delta
        BANK1            000D6-000EF              1A           1
        BANK2            00110-0016F              60           1
        BANK3            001AB-001EF              45           1
        CODE             00800-00801               2           2
                         01000-01002               3
                         018D8-018D9               2
        COMMON           0007B-0007D               3           1
        CONST            00800-00801               2           2
                         01000-01002               3
                         018D8-018D9               2
        EEDATA           02100-021FF             100           2
        ENTRY            00800-00801               2           2
                         01000-01002               3
                         018D8-018D9               2
        IDLOC            02000-02003               4           2
        RAM              000D6-000EF              1A           1
                         00110-0016F              60
                         001AB-001EF              45
        SFR0             00000-0001F              20           1
        SFR1             00080-0009F              20           1
        SFR2             00100-0010F              10           1
        SFR3             00180-0018F              10           1
        STRCODE          00800-00801               2           2
                         01000-01002               3
                         018D8-018D9               2
        STRING           00800-00801               2           2
                         01000-01002               3
                         018D8-018D9               2

                                  Symbol Table

_Rd_USART                 text39       00000
__Habs1                   abs1         00000
__Hbank0                  bank0        00000
__Hbank1                  bank1        00000
__Hbank2                  bank2        00000
__Hbank3                  bank3        00000
__Hclrtext                clrtext      00000
__Hcode                   code         00000
__Hcommon                 common       00000
__Heeprom_data            eeprom_data  00000
__Hfunctab                functab      00000
__Hmaintext               maintext     00000
__Hpowerup                powerup      00000
__Hram                    ram          00000
__Hreset_vec              reset_vec    00000
__Hsfr0                   sfr0         00000
__Hsfr1                   sfr1         00000
__Hsfr2                   sfr2         00000
__Hsfr3                   sfr3         00000
__Hspace_2                (abs)        00000
__Hspace_3                (abs)        00000
__Hstack                  stack        00000
__Hstrings                strings      00000
__Htext                   text         00000
__Labs1                   abs1         00000
__Lbank0                  bank0        00000
__Lbank1                  bank1        00000
__Lbank2                  bank2        00000
__Lbank3                  bank3        00000
__Lclrtext                clrtext      00000
__Lcode                   code         00000
__Lcommon                 common       00000
__Lconfig                 config       00000
__Leeprom_data            eeprom_data  00000
__Lfunctab                functab      00000
__Lintentry               intentry     00000
__Lmaintext               maintext     00000
__Lpowerup                powerup      00000
__Lram                    ram          00000
__Lreset_vec              reset_vec    00000
__Lsfr0                   sfr0         00000
__Lsfr1                   sfr1         00000
__Lsfr2                   sfr2         00000
__Lsfr3                   sfr3         00000
__Lspace_0                (abs)        00000
__Lspace_1                (abs)        00000
__Lspace_2                (abs)        00000
__Lspace_3                (abs)        00000
__Lspace_4                (abs)        00000
__Lstack                  stack        00000
__Lstrings                strings      00000
__Ltext                   text         00000
__S3                      (abs)        00000
___int_sp                 stack        00000
___sp                     stack        00000
___stackhi                (abs)        00000
___stacklo                (abs)        00000
__pintentry               intentry     00000
__ptext39                 text39       00000
__size_of_ADC_Init        (abs)        00000
__size_of_ADCval          (abs)        00000
__size_of_Clear           (abs)        00000
__size_of_ISR             (abs)        00000
__size_of_LCD_Init        (abs)        00000
__size_of_LCD_cmd         (abs)        00000
__size_of_LCD_data        (abs)        00000
__size_of_LCD_data_string (abs)        00000
__size_of_LCD_datos       (abs)        00000
__size_of_LCD_move_cursor (abs)        00000
__size_of_Rd_USART        (abs)        00000
__size_of_USART_In        (abs)        00000
__size_of_Wr_USART        (abs)        00000
__size_of_Wr_USART_String (abs)        00000
__size_of__Umul8_16       (abs)        00000
__size_of___aldiv         (abs)        00000
__size_of___awdiv         (abs)        00000
__size_of___awmod         (abs)        00000
__size_of___fladd         (abs)        00000
__size_of___fleq          (abs)        00000
__size_of___flge          (abs)        00000
__size_of___flmul         (abs)        00000
__size_of___flneg         (abs)        00000
__size_of___flsub         (abs)        00000
__size_of___fltol         (abs)        00000
__size_of___lldiv         (abs)        00000
__size_of___llmod         (abs)        00000
__size_of___lwdiv         (abs)        00000
__size_of___lwmod         (abs)        00000
__size_of___wmul          (abs)        00000
__size_of___xxtofl        (abs)        00000
__size_of__div_to_l_      (abs)        00000
__size_of__tdiv_to_l_     (abs)        00000
__size_of_fround          (abs)        00000
__size_of_isdigit         (abs)        00000
__size_of_main            (abs)        00000
__size_of_scale           (abs)        00000
__size_of_setup           (abs)        00000
__size_of_sprintf         (abs)        00000
__size_of_val             (abs)        00000
interrupt_function        intentry     00000
intlevel0                 functab      00000
intlevel1                 functab      00000
intlevel2                 functab      00000
intlevel3                 functab      00000
intlevel4                 functab      00000
intlevel5                 functab      00000
reset_vec                 reset_vec    00000
___latbits                (abs)        00002
_PORTA                    (abs)        00005
_PORTD                    (abs)        00008
_PORTE                    (abs)        00009
_INTCONbits               (abs)        0000B
_PIR1bits                 (abs)        0000C
pnum$text2                (abs)        0000E
_ADC_Init                 text37       00008
__Hinit                   init         00008
__Hintentry               intentry     00008
__Lend_init               end_init     00008
__Linit                   init         00008
__end_of_Rd_USART         text39       00008
__ptext37                 text37       00008
start                     init         00008
__Hend_init               end_init     0000C
_TXREG                    (abs)        00019
_RCREG                    (abs)        0001A
___flsub                  text19       0000E
__ptext19                 text19       0000E
_ADRESH                   (abs)        0001E
_ADCON0                   (abs)        0001F
_ADCON0bits               (abs)        0001F
?___aldiv                 cstackBANK0  00020
?___awdiv                 cstackBANK0  00020
?___lldiv                 cstackBANK0  00020
?___lwdiv                 cstackBANK0  00020
?__div_to_l_              cstackBANK0  00020
?__tdiv_to_l_             cstackBANK0  00020
__Umul8_16@product        cstackBANK0  00020
___aldiv@divisor          cstackBANK0  00020
___awdiv@divisor          cstackBANK0  00020
___fleq@ff1               cstackBANK0  00020
___flge@ff1               cstackBANK0  00020
___lldiv@divisor          cstackBANK0  00020
___lwdiv@divisor          cstackBANK0  00020
__div_to_l_@f1            cstackBANK0  00020
__pcstackBANK0            cstackBANK0  00020
__tdiv_to_l_@f1           cstackBANK0  00020
__Umul8_16@word_mpld      cstackBANK0  00022
___awdiv@dividend         cstackBANK0  00022
___lwdiv@dividend         cstackBANK0  00022
LCD_data_string@i         cstackBANK0  00023
__Umul8_16@multiplier     cstackBANK0  00024
___aldiv@dividend         cstackBANK0  00024
___fleq@ff2               cstackBANK0  00024
___flge@ff2               cstackBANK0  00024
___lldiv@dividend         cstackBANK0  00024
___lwdiv@counter          cstackBANK0  00024
___xxtofl@sign            cstackBANK0  00024
__div_to_l_@f2            cstackBANK0  00024
__tdiv_to_l_@f2           cstackBANK0  00024
___awdiv@counter          cstackBANK0  00025
___lwdiv@quotient         cstackBANK0  00025
___xxtofl@exp             cstackBANK0  00025
___awdiv@sign             cstackBANK0  00026
___xxtofl@arg             cstackBANK0  00026
___awdiv@quotient         cstackBANK0  00027
?___llmod                 cstackBANK0  00028
USART_In@baudrate         cstackBANK0  00028
___llmod@divisor          cstackBANK0  00028
__tdiv_to_l_@quot         cstackBANK0  00028
?___flmul                 cstackBANK0  0002A
___flmul@b                cstackBANK0  0002A
___llmod@dividend         cstackBANK0  0002C
__tdiv_to_l_@cntr         cstackBANK0  0002C
__tdiv_to_l_@exp1         cstackBANK0  0002D
___flmul@a                cstackBANK0  0002E
___llmod@counter          cstackBANK0  00030
_LCD_cmd                  text34       0001B
__end_of_ADC_Init         text37       0001B
__ptext34                 text34       0001B
pnum$text2_split_1        (abs)        00036
___flmul@sign             cstackBANK0  00037
USART_In@x                cstackBANK0  00038
___flmul@aexp             cstackBANK0  00038
___flmul@grs              cstackBANK0  00039
___flmul@bexp             cstackBANK0  0003D
___flmul@prod             cstackBANK0  0003E
_RD0                      (abs)        00040
_RD1                      (abs)        00041
_RD2                      (abs)        00042
___flmul@temp             cstackBANK0  00042
_RD3                      (abs)        00043
?_fround                  cstackBANK0  00044
?_scale                   cstackBANK0  00044
?_val                     cstackBANK0  00044
_RD4                      (abs)        00044
_RD5                      (abs)        00045
_RD6                      (abs)        00046
_RD7                      (abs)        00047
_RE0                      (abs)        00048
_RE1                      (abs)        00049
_RE2                      (abs)        0004A
val@b                     cstackBANK0  0004C
_fround$1160              cstackBANK0  0004F
_scale$1161               cstackBANK0  00052
_fround$1159              cstackBANK0  00053
scale@scl                 cstackBANK0  00056
?___fltol                 cstackBANK0  00057
___fltol@f1               cstackBANK0  00057
fround@prec               cstackBANK0  00057
?___fladd                 cstackBANK0  00058
___fladd@b                cstackBANK0  00058
___fladd@a                cstackBANK0  0005C
___fltol@sign1            cstackBANK0  00060
___fltol@exp1             cstackBANK0  00061
_RCIF                     (abs)        00065
___fladd@signs            cstackBANK0  00068
___fladd@aexp             cstackBANK0  00069
___fladd@bexp             cstackBANK0  0006A
___fladd@grs              cstackBANK0  0006B
_ADC1                     bssBANK0     0006F
__pbssBANK0               bssBANK0     0006F
__pcstackCOMMON           cstackCOMMON 00070
?__Umul8_16               cstackCOMMON 00073
?___awmod                 cstackCOMMON 00073
?___flneg                 cstackCOMMON 00073
?___lwmod                 cstackCOMMON 00073
?___wmul                  cstackCOMMON 00073
?___xxtofl                cstackCOMMON 00073
LCD_datos@x               cstackCOMMON 00073
Wr_USART@a                cstackCOMMON 00073
__Umul8_16@multiplicand   cstackCOMMON 00073
___awmod@divisor          cstackCOMMON 00073
___flneg@f1               cstackCOMMON 00073
___lwmod@divisor          cstackCOMMON 00073
___wmul@multiplier        cstackCOMMON 00073
___xxtofl@val             cstackCOMMON 00073
_isdigit$988              cstackCOMMON 00073
Wr_USART_String@a         cstackCOMMON 00074
___aldiv@counter          cstackCOMMON 00074
___lldiv@quotient         cstackCOMMON 00074
__div_to_l_@quot          cstackCOMMON 00074
isdigit@c                 cstackCOMMON 00074
ADCval@x                  cstackCOMMON 00075
___aldiv@sign             cstackCOMMON 00075
___awmod@dividend         cstackCOMMON 00075
___lwmod@dividend         cstackCOMMON 00075
___wmul@multiplicand      cstackCOMMON 00075
LCD_cmd@cmd               cstackCOMMON 00076
LCD_data@data             cstackCOMMON 00076
___aldiv@quotient         cstackCOMMON 00076
LCD_data_string@a         cstackCOMMON 00077
LCD_move_cursor@b         cstackCOMMON 00077
Wr_USART_String@i         cstackCOMMON 00077
___wmul@product           cstackCOMMON 00077
LCD_move_cursor@a         cstackCOMMON 00078
___awmod@counter          cstackCOMMON 00078
___lldiv@counter          cstackCOMMON 00078
___lwmod@counter          cstackCOMMON 00078
__div_to_l_@cntr          cstackCOMMON 00078
LCD_move_cursor@c         cstackCOMMON 00079
___awmod@sign             cstackCOMMON 00079
__div_to_l_@exp1          cstackCOMMON 00079
__pbssCOMMON              bssCOMMON    0007A
_valUSART                 bssCOMMON    0007A
_Clear                    text33       0003F
__end_of_LCD_cmd          text34       0003F
__ptext33                 text33       0003F
btemp                     (abs)        0007E
saved_w                   (abs)        0007E
wtemp0                    (abs)        0007E
_TRISA                    (abs)        00085
_TRISAbits                (abs)        00085
_TRISCbits                (abs)        00087
_TRISD                    (abs)        00088
_TRISDbits                (abs)        00088
_TRISE                    (abs)        00089
_TRISEbits                (abs)        00089
_PIE1bits                 (abs)        0008C
_LCD_Init                 text32       0004C
__end_of_Clear            text33       0004C
__ptext32                 text32       0004C
_SPBRG                    (abs)        00099
_ADCON1                   (abs)        0009F
__pbssBANK1               bssBANK1     000A0
_v2                       bssBANK1     000A0
_v1                       bssBANK1     000A4
_contador                 bssBANK1     000A8
_ADC2                     bssBANK1     000A9
_d                        bssBANK1     000AA
__end_of___flsub          text19       0005E
?___flsub                 cstackBANK1  000BE
___flsub@a                cstackBANK1  000BE
__pcstackBANK1            cstackBANK1  000BE
___flsub@b                cstackBANK1  000C2
_CREN                     (abs)        000C4
?_sprintf                 cstackBANK1  000C6
sprintf@f                 cstackBANK1  000C6
_SPEN                     (abs)        000C7
_LCD_data                 text31       00078
__end_of_LCD_Init         text32       00078
__ptext31                 text31       00078
_LCD_data_string          text30       0009C
__end_of_LCD_data         text31       0009C
__ptext30                 text30       0009C
_ANSEL                    (abs)        00188
_ANSELbits                (abs)        00188
_ANSELH                   (abs)        00189
_ANSELHbits               (abs)        00189
__pcstackBANK3            cstackBANK3  00190
_sprintf$1162             cstackBANK3  00190
sprintf@ap                cstackBANK3  00194
sprintf@flag              cstackBANK3  00195
sprintf@width             cstackBANK3  00197
sprintf@tmpval            cstackBANK3  00199
sprintf@val               cstackBANK3  0019D
sprintf@eexp              cstackBANK3  001A1
sprintf@fval              cstackBANK3  001A3
sprintf@sp                cstackBANK3  001A7
sprintf@prec              cstackBANK3  001A8
sprintf@c                 cstackBANK3  001AA
__Hspace_1                (abs)        001AB
__S1                      (abs)        001AB
_LCD_move_cursor          text29       000E2
__end_of_LCD_data_string  text30       000E2
__ptext29                 text29       000E2
_Wr_USART                 text26       000FC
__end_of_LCD_move_cursor  text29       000FC
__ptext26                 text26       000FC
_Wr_USART_String          text25       00108
__end_of_Wr_USART         text26       00108
__ptext25                 text25       00108
___fleq                   text23       00133
__end_of_Wr_USART_String  text25       00133
__ptext23                 text23       00133
___flneg                  text21       00183
__end_of___fleq           text23       00183
__ptext21                 text21       00183
___llmod                  text16       0018E
__end_of___flneg          text21       0018E
__ptext16                 text16       0018E
___wmul                   text15       001E4
__end_of___llmod          text16       001E4
__ptext15                 text15       001E4
__Umul8_16                text11       00209
__end_of___wmul           text15       00209
__ptext11                 text11       00209
___lwdiv                  text9        00232
__end_of__Umul8_16        text11       00232
__ptext9                  text9        00232
_TRMT                     (abs)        004C1
_BRGH                     (abs)        004C2
_SYNC                     (abs)        004C4
_TXEN                     (abs)        004C5
___lwmod                  text8        00278
__end_of___lwdiv          text9        00278
__ptext8                  text8        00278
__end_of___lwmod          text8        002B2
__ptext6                  text6        002B2
_isdigit                  text6        002B2
__end_of_isdigit          text6        002C4
__ptext1                  text1        002C4
_val                      text1        002C4
__HcstackBANK0            cstackBANK0  005F8
__HcstackBANK1            cstackBANK1  005F8
__HcstackBANK3            cstackBANK3  005F8
__HcstackCOMMON           cstackCOMMON 005F8
__LcstackBANK0            cstackBANK0  005F8
__LcstackBANK1            cstackBANK1  005F8
__LcstackBANK3            cstackBANK3  005F8
__LcstackCOMMON           cstackCOMMON 005F8
__end_of_val              text1        002FC
clear_ram0                clrtext      002FC
__HbssBANK0               bssBANK0     00608
__HbssBANK1               bssBANK1     00608
__HbssCOMMON              bssCOMMON    00608
__LbssBANK0               bssBANK0     00608
__LbssBANK1               bssBANK1     00608
__LbssCOMMON              bssCOMMON    00608
__Lcinit                  cinit        007EF
__end_of_sprintf          text2_split_1 007EF
__initialization          cinit        007EF
start_initialization      cinit        007EF
__end_of__initialization  cinit        007FC
end_of_initialization     cinit        007FC
__Hcinit                  cinit        00800
_LCD_datos                text35       00802
__ptext35                 text35       00802
__end_of_LCD_datos        text35       00840
__pmaintext               maintext     00840
_main                     maintext     00840
___flmul                  text10       0093C
__end_of_main             maintext     0093C
__ptext10                 text10       0093C
__end_of___flmul          text10       00C9D
__ptext3                  text3        00C9D
_scale                    text3        00C9D
__Hspace_0                (abs)        02000
__S0                      (abs)        02000
__end_of_scale            text3        01000
__ptext24                 text24       01003
_setup                    text24       01003
__end_of_setup            text24       01022
__ptext7                  text7        01022
_fround                   text7        01022
___fladd                  text20       0122F
__end_of_fround           text7        0122F
__ptext20                 text20       0122F
__end_of___fladd          text20       014B7
__ptext2                  text2        014B7
_sprintf                  text2        014B7
__pstrings                strings      01800
__stringtab               strings      01800
__stringbase              strings      0180F
__end_of__stringtab       strings      01810
__powers_                 strings      01810
__end_of__powers_         strings      01844
__npowers_                strings      01844
__end_of__npowers_        strings      01878
_dpowers                  strings      01878
__end_of_dpowers          strings      018A0
_ISR                      text38       018DA
__ptext38                 text38       018DA
___awmod                  text4        01907
__end_of_ISR              text38       01907
__ptext4                  text4        01907
___lldiv                  text17       01960
__end_of___awmod          text4        01960
__ptext17                 text17       01960
___awdiv                  text5        019C8
__end_of___lldiv          text17       019C8
__ptext5                  text5        019C8
___fltol                  text18       01A31
__end_of___awdiv          text5        01A31
__ptext18                 text18       01A31
___aldiv                  text28       01AAD
__end_of___fltol          text18       01AAD
__ptext28                 text28       01AAD
___flge                   text22       01B4A
__end_of___aldiv          text28       01B4A
__ptext22                 text22       01B4A
___xxtofl                 text14       01BEE
__end_of___flge           text22       01BEE
__ptext14                 text14       01BEE
__end_of___xxtofl         text14       01CAA
__ptext12                 text12       01CAA
__tdiv_to_l_              text12       01CAA
__div_to_l_               text13       01D67
__end_of__tdiv_to_l_      text12       01D67
__ptext13                 text13       01D67
_USART_In                 text27       01E27
__end_of__div_to_l_       text13       01E27
__ptext27                 text27       01E27
_ADCval                   text36       01F04
__end_of_USART_In         text27       01F04
__ptext36                 text36       01F04
__end_of_ADCval           text36       02000
__Hspace_4                (abs)        04010
__Hconfig                 config       02009
psplit$0                  (abs)        E0036
