******************************************************************************
                  TI ARM Linker PC v20.2.5                     
******************************************************************************
>> Linked Wed May 12 21:03:03 2021

OUTPUT FILE NAME:   <Lab7.out>
ENTRY POINT SYMBOL: "_c_int00_noargs"  address: 000009b9


MEMORY CONFIGURATION

         name            origin    length      used     unused   attr    fill
----------------------  --------  ---------  --------  --------  ----  --------
  FLASH                 00000000   00040000  00000c30  0003f3d0  R  X
  SRAM                  20000000   00008000  00000206  00007dfa  RW X


SEGMENT ALLOCATION MAP

run origin  load origin   length   init length attrs members
----------  ----------- ---------- ----------- ----- -------
00000000    00000000    00000c30   00000c30    r-x
  00000000    00000000    0000026c   0000026c    r-- .intvecs
  0000026c    0000026c    000008b8   000008b8    r-x .text
  00000b24    00000b24    000000dc   000000dc    r-- .const
  00000c00    00000c00    00000030   00000030    r-- .cinit
20000000    20000000    00000206   00000000    rw-
  20000000    20000000    00000200   00000000    rw- .stack
  20000200    20000200    00000004   00000000    rw- .bss
  20000204    20000204    00000002   00000000    rw- .data


SECTION ALLOCATION MAP

 output                                  attributes/
section   page    origin      length       input sections
--------  ----  ----------  ----------   ----------------
.intvecs   0    00000000    0000026c     
                  00000000    0000026c     tm4c123gh6pm_startup_ccs.obj (.intvecs)

.text      0    0000026c    000008b8     
                  0000026c    00000188     main.obj (.text)
                  000003f4    00000132     driverlib.lib : gpio.obj (.text:GPIOPadConfigSet)
                  00000526    00000002     --HOLE-- [fill = 0]
                  00000528    00000110                   : sysctl.obj (.text:SysCtlClockGet)
                  00000638    000000f4                   : sysctl.obj (.text:SysCtlClockSet)
                  0000072c    0000009c     rtsv7M4_T_le_v4SPD16_eabi.lib : memcpy_t2.asm.obj (.text)
                  000007c8    00000068     driverlib.lib : interrupt.obj (.text:IntEnable)
                  00000830    00000068     rtsv7M4_T_le_v4SPD16_eabi.lib : copy_decompress_lzss.c.obj (.text:decompress:lzss:__TI_decompress_lzss)
                  00000898    00000060     driverlib.lib : timer.obj (.text:TimerConfigure)
                  000008f8    00000046                   : uart.obj (.text:UARTConfigSetExpClk)
                  0000093e    00000002     --HOLE-- [fill = 0]
                  00000940    00000044     rtsv7M4_T_le_v4SPD16_eabi.lib : autoinit.c.obj (.text:__TI_auto_init_nobinit_nopinit:__TI_auto_init_nobinit_nopinit)
                  00000984    00000034     driverlib.lib : sysctl.obj (.text:SysCtlPeripheralEnable)
                  000009b8    00000034     rtsv7M4_T_le_v4SPD16_eabi.lib : boot_cortex_m.c.obj (.text:_c_int00_noargs:_c_int00_noargs)
                  000009ec    0000002a     driverlib.lib : gpio.obj (.text:GPIODirModeSet)
                  00000a16    00000002     --HOLE-- [fill = 0]
                  00000a18    00000020                   : uart.obj (.text:UARTDisable)
                  00000a38    0000001c     rtsv7M4_T_le_v4SPD16_eabi.lib : copy_zero_init.c.obj (.text:decompress:ZI:__TI_zero_init_nomemset:__TI_zero_init_nomemset)
                  00000a54    00000018     driverlib.lib : gpio.obj (.text:GPIOPinTypeGPIOOutput)
                  00000a6c    00000014                   : uart.obj (.text:UARTEnable)
                  00000a80    00000012                   : gpio.obj (.text:GPIOPinTypeUART)
                  00000a92    00000012                   : timer.obj (.text:TimerLoadSet)
                  00000aa4    00000010                   : interrupt.obj (.text:IntMasterEnable)
                  00000ab4    0000000e                   : timer.obj (.text:TimerEnable)
                  00000ac2    0000000e     rtsv7M4_T_le_v4SPD16_eabi.lib : copy_decompress_none.c.obj (.text:decompress:none:__TI_decompress_none)
                  00000ad0    0000000c     driverlib.lib : cpu.obj (.text:CPUcpsie)
                  00000adc    0000000c     tm4c123gh6pm_startup_ccs.obj (.text)
                  00000ae8    0000000a     driverlib.lib : uart.obj (.text:UARTCharGet)
                  00000af2    00000008                   : timer.obj (.text:TimerIntEnable)
                  00000afa    00000008                   : uart.obj (.text:UARTIntEnable)
                  00000b02    00000006                   : gpio.obj (.text:GPIOPinRead)
                  00000b08    00000006                   : gpio.obj (.text:GPIOPinWrite)
                  00000b0e    00000006                   : sysctl.obj (.text:SysCtlDelay)
                  00000b14    00000004                   : timer.obj (.text:TimerIntClear)
                  00000b18    00000004                   : uart.obj (.text:UARTIntClear)
                  00000b1c    00000004     rtsv7M4_T_le_v4SPD16_eabi.lib : pre_init.c.obj (.text:_system_pre_init)
                  00000b20    00000004                                   : exit.c.obj (.text:abort:abort)

.const     0    00000b24    000000dc     
                  00000b24    00000070     driverlib.lib : interrupt.obj (.const)
                  00000b94    0000006c                   : sysctl.obj (.const:g_pui32Xtals)

.cinit     0    00000c00    00000030     
                  00000c00    0000000c     (__TI_handler_table)
                  00000c0c    00000004     --HOLE-- [fill = 0]
                  00000c10    00000008     (.cinit..bss.load) [load image, compression = zero_init]
                  00000c18    00000006     (.cinit..data.load) [load image, compression = lzss]
                  00000c1e    00000002     --HOLE-- [fill = 0]
                  00000c20    00000010     (__TI_cinit_table)

.init_array 
*          0    00000000    00000000     UNINITIALIZED

.bss       0    20000200    00000004     UNINITIALIZED
                  20000200    00000004     (.common:periodo)

.data      0    20000204    00000002     UNINITIALIZED
                  20000204    00000002     main.obj (.data)

.stack     0    20000000    00000200     UNINITIALIZED
                  20000000    00000004     rtsv7M4_T_le_v4SPD16_eabi.lib : boot_cortex_m.c.obj (.stack)
                  20000004    000001fc     --HOLE--

__llvm_prf_cnts 
*          0    20000000    00000000     UNINITIALIZED

MODULE SUMMARY

       Module                         code   ro data   rw data
       ------                         ----   -------   -------
    .\
       tm4c123gh6pm_startup_ccs.obj   12     620       0      
       main.obj                       392    0         6      
    +--+------------------------------+------+---------+---------+
       Total:                         404    620       6      
                                                              
    C:/ti/TivaWare_C_Series-2.1.4.178/driverlib/ccs/Debug/driverlib.lib
       sysctl.obj                     574    108       0      
       gpio.obj                       402    0         0      
       interrupt.obj                  120    112       0      
       uart.obj                       144    0         0      
       timer.obj                      140    0         0      
       cpu.obj                        12     0         0      
    +--+------------------------------+------+---------+---------+
       Total:                         1392   220       0      
                                                              
    C:\ti\ccs1031\ccs\tools\compiler\ti-cgt-arm_20.2.5.LTS\lib\rtsv7M4_T_le_v4SPD16_eabi.lib
       memcpy_t2.asm.obj              156    0         0      
       copy_decompress_lzss.c.obj     104    0         0      
       autoinit.c.obj                 68     0         0      
       boot_cortex_m.c.obj            52     0         0      
       copy_zero_init.c.obj           28     0         0      
       copy_decompress_none.c.obj     14     0         0      
       exit.c.obj                     4      0         0      
       pre_init.c.obj                 4      0         0      
    +--+------------------------------+------+---------+---------+
       Total:                         430    0         0      
                                                              
       Stack:                         0      0         512    
       Linker Generated:              0      42        0      
    +--+------------------------------+------+---------+---------+
       Grand Total:                   2226   882       518    


LINKER GENERATED COPY TABLES

__TI_cinit_table @ 00000c20 records: 2, size/record: 8, table size: 16
	.bss: load addr=00000c10, load size=00000008 bytes, run addr=20000200, run size=00000004 bytes, compression=zero_init
	.data: load addr=00000c18, load size=00000006 bytes, run addr=20000204, run size=00000002 bytes, compression=lzss


LINKER GENERATED HANDLER TABLE

__TI_handler_table @ 00000c00 records: 3, size/record: 4, table size: 12
	index: 0, handler: __TI_decompress_lzss
	index: 1, handler: __TI_decompress_none
	index: 2, handler: __TI_zero_init


GLOBAL SYMBOLS: SORTED ALPHABETICALLY BY Name 

address   name                          
-------   ----                          
00000b21  C$$EXIT                       
00000ad1  CPUcpsie                      
000009ed  GPIODirModeSet                
000003f5  GPIOPadConfigSet              
00000b03  GPIOPinRead                   
00000a55  GPIOPinTypeGPIOOutput         
00000a81  GPIOPinTypeUART               
00000b09  GPIOPinWrite                  
000007c9  IntEnable                     
00000aa5  IntMasterEnable               
00000add  ResetISR                      
00000529  SysCtlClockGet                
00000639  SysCtlClockSet                
00000b0f  SysCtlDelay                   
00000985  SysCtlPeripheralEnable        
0000039b  Timer0IntHandler              
00000899  TimerConfigure                
00000ab5  TimerEnable                   
00000b15  TimerIntClear                 
00000af3  TimerIntEnable                
00000a93  TimerLoadSet                  
00000ae9  UARTCharGet                   
000008f9  UARTConfigSetExpClk           
00000a19  UARTDisable                   
00000a6d  UARTEnable                    
00000b19  UARTIntClear                  
00000afb  UARTIntEnable                 
000003b1  UARTIntHandler                
20000200  __STACK_END                   
00000200  __STACK_SIZE                  
20000200  __STACK_TOP                   
00000c20  __TI_CINIT_Base               
00000c30  __TI_CINIT_Limit              
00000c00  __TI_Handler_Table_Base       
00000c0c  __TI_Handler_Table_Limit      
00000941  __TI_auto_init_nobinit_nopinit
00000831  __TI_decompress_lzss          
00000ac3  __TI_decompress_none          
ffffffff  __TI_pprof_out_hndl           
ffffffff  __TI_prof_data_size           
ffffffff  __TI_prof_data_start          
00000000  __TI_static_base__            
00000a39  __TI_zero_init_nomemset       
0000072d  __aeabi_memcpy                
0000072d  __aeabi_memcpy4               
0000072d  __aeabi_memcpy8               
ffffffff  __binit__                     
ffffffff  __c_args__                    
UNDEFED   __mpu_init                    
20000000  __stack                       
20000000  __start___llvm_prf_cnts       
20000000  __stop___llvm_prf_cnts        
000009b9  _c_int00_noargs               
UNDEFED   _system_post_cinit            
00000b1d  _system_pre_init              
00000b21  abort                         
ffffffff  binit                         
20000204  datos                         
00000000  g_pfnVectors                  
00000357  initUART                      
0000026d  main                          
0000072d  memcpy                        
20000200  periodo                       
20000205  v                             


GLOBAL SYMBOLS: SORTED BY Symbol Address 

address   name                          
-------   ----                          
00000000  __TI_static_base__            
00000000  g_pfnVectors                  
00000200  __STACK_SIZE                  
0000026d  main                          
00000357  initUART                      
0000039b  Timer0IntHandler              
000003b1  UARTIntHandler                
000003f5  GPIOPadConfigSet              
00000529  SysCtlClockGet                
00000639  SysCtlClockSet                
0000072d  __aeabi_memcpy                
0000072d  __aeabi_memcpy4               
0000072d  __aeabi_memcpy8               
0000072d  memcpy                        
000007c9  IntEnable                     
00000831  __TI_decompress_lzss          
00000899  TimerConfigure                
000008f9  UARTConfigSetExpClk           
00000941  __TI_auto_init_nobinit_nopinit
00000985  SysCtlPeripheralEnable        
000009b9  _c_int00_noargs               
000009ed  GPIODirModeSet                
00000a19  UARTDisable                   
00000a39  __TI_zero_init_nomemset       
00000a55  GPIOPinTypeGPIOOutput         
00000a6d  UARTEnable                    
00000a81  GPIOPinTypeUART               
00000a93  TimerLoadSet                  
00000aa5  IntMasterEnable               
00000ab5  TimerEnable                   
00000ac3  __TI_decompress_none          
00000ad1  CPUcpsie                      
00000add  ResetISR                      
00000ae9  UARTCharGet                   
00000af3  TimerIntEnable                
00000afb  UARTIntEnable                 
00000b03  GPIOPinRead                   
00000b09  GPIOPinWrite                  
00000b0f  SysCtlDelay                   
00000b15  TimerIntClear                 
00000b19  UARTIntClear                  
00000b1d  _system_pre_init              
00000b21  C$$EXIT                       
00000b21  abort                         
00000c00  __TI_Handler_Table_Base       
00000c0c  __TI_Handler_Table_Limit      
00000c20  __TI_CINIT_Base               
00000c30  __TI_CINIT_Limit              
20000000  __stack                       
20000000  __start___llvm_prf_cnts       
20000000  __stop___llvm_prf_cnts        
20000200  __STACK_END                   
20000200  __STACK_TOP                   
20000200  periodo                       
20000204  datos                         
20000205  v                             
ffffffff  __TI_pprof_out_hndl           
ffffffff  __TI_prof_data_size           
ffffffff  __TI_prof_data_start          
ffffffff  __binit__                     
ffffffff  __c_args__                    
ffffffff  binit                         
UNDEFED   __mpu_init                    
UNDEFED   _system_post_cinit            

[64 symbols]
