******************************************************************************
                  TI ARM Linker PC v20.2.5                     
******************************************************************************
>> Linked Fri May  7 20:41:14 2021

OUTPUT FILE NAME:   <Prueba.out>
ENTRY POINT SYMBOL: "_c_int00_noargs"  address: 0000071d


MEMORY CONFIGURATION

         name            origin    length      used     unused   attr    fill
----------------------  --------  ---------  --------  --------  ----  --------
  FLASH                 00000000   00080000  00000818  0007f7e8  R  X
  SRAM                  20000000   00040000  00000204  0003fdfc  RW X


SEGMENT ALLOCATION MAP

run origin  load origin   length   init length attrs members
----------  ----------- ---------- ----------- ----- -------
00000000    00000000    00000818   00000818    r-x
  00000000    00000000    00000208   00000208    r-- .intvecs
  00000208    00000208    000005f8   000005f8    r-x .text
  00000800    00000800    00000018   00000018    r-- .cinit
20000000    20000000    00000204   00000000    rw-
  20000000    20000000    00000200   00000000    rw- .stack
  20000200    20000200    00000004   00000000    rw- .data


SECTION ALLOCATION MAP

 output                                  attributes/
section   page    origin      length       input sections
--------  ----  ----------  ----------   ----------------
.intvecs   0    00000000    00000208     
                  00000000    00000208     sc4c1290kcpdt_startup_ccs.obj (.intvecs)

.text      0    00000208    000005f8     
                  00000208    00000170     main.obj (.text)
                  00000378    00000132     driverlib.lib : gpio.obj (.text:GPIOPadConfigSet)
                  000004aa    00000002     --HOLE-- [fill = 0]
                  000004ac    000000f4                   : sysctl.obj (.text:SysCtlClockSet)
                  000005a0    0000009c     rtsv7M4_T_le_v4SPD16_eabi.lib : memcpy_t2.asm.obj (.text)
                  0000063c    00000068                                   : copy_decompress_lzss.c.obj (.text:decompress:lzss:__TI_decompress_lzss)
                  000006a4    00000044                                   : autoinit.c.obj (.text:__TI_auto_init_nobinit_nopinit:__TI_auto_init_nobinit_nopinit)
                  000006e8    00000034     driverlib.lib : sysctl.obj (.text:SysCtlPeripheralEnable)
                  0000071c    00000034     rtsv7M4_T_le_v4SPD16_eabi.lib : boot_cortex_m.c.obj (.text:_c_int00_noargs:_c_int00_noargs)
                  00000750    0000002a     driverlib.lib : gpio.obj (.text:GPIODirModeSet)
                  0000077a    00000018                   : gpio.obj (.text:GPIOPinTypeGPIOOutput)
                  00000792    00000002     --HOLE-- [fill = 0]
                  00000794    00000014                   : systick.obj (.text:SysTickDisable)
                  000007a8    00000014                   : systick.obj (.text:SysTickEnable)
                  000007bc    00000010                   : systick.obj (.text:SysTickPeriodSet)
                  000007cc    0000000e     rtsv7M4_T_le_v4SPD16_eabi.lib : copy_decompress_none.c.obj (.text:decompress:none:__TI_decompress_none)
                  000007da    0000000c     sc4c1290kcpdt_startup_ccs.obj (.text)
                  000007e6    00000006     driverlib.lib : gpio.obj (.text:GPIOPinRead)
                  000007ec    00000006                   : gpio.obj (.text:GPIOPinWrite)
                  000007f2    00000006                   : sysctl.obj (.text:SysCtlDelay)
                  000007f8    00000004     rtsv7M4_T_le_v4SPD16_eabi.lib : pre_init.c.obj (.text:_system_pre_init)
                  000007fc    00000004                                   : exit.c.obj (.text:abort:abort)

.cinit     0    00000800    00000018     
                  00000800    00000008     (__TI_handler_table)
                  00000808    00000007     (.cinit..data.load) [load image, compression = lzss]
                  0000080f    00000001     --HOLE-- [fill = 0]
                  00000810    00000008     (__TI_cinit_table)

.init_array 
*          0    00000000    00000000     UNINITIALIZED

.data      0    20000200    00000004     UNINITIALIZED
                  20000200    00000004     main.obj (.data)

.stack     0    20000000    00000200     UNINITIALIZED
                  20000000    00000004     rtsv7M4_T_le_v4SPD16_eabi.lib : boot_cortex_m.c.obj (.stack)
                  20000004    000001fc     --HOLE--

__llvm_prf_cnts 
*          0    20000000    00000000     UNINITIALIZED

MODULE SUMMARY

       Module                          code   ro data   rw data
       ------                          ----   -------   -------
    .\
       sc4c1290kcpdt_startup_ccs.obj   12     520       0      
       main.obj                        368    0         4      
    +--+-------------------------------+------+---------+---------+
       Total:                          380    520       4      
                                                               
    C:/ti/TivaWare_C_Series-2.1.4.178/driverlib/ccs/Debug/driverlib.lib
       gpio.obj                        384    0         0      
       sysctl.obj                      302    0         0      
       systick.obj                     56     0         0      
    +--+-------------------------------+------+---------+---------+
       Total:                          742    0         0      
                                                               
    C:\ti\ccs1031\ccs\tools\compiler\ti-cgt-arm_20.2.5.LTS\lib\rtsv7M4_T_le_v4SPD16_eabi.lib
       memcpy_t2.asm.obj               156    0         0      
       copy_decompress_lzss.c.obj      104    0         0      
       autoinit.c.obj                  68     0         0      
       boot_cortex_m.c.obj             52     0         0      
       copy_decompress_none.c.obj      14     0         0      
       exit.c.obj                      4      0         0      
       pre_init.c.obj                  4      0         0      
    +--+-------------------------------+------+---------+---------+
       Total:                          402    0         0      
                                                               
       Stack:                          0      0         512    
       Linker Generated:               0      23        0      
    +--+-------------------------------+------+---------+---------+
       Grand Total:                    1524   543       516    


LINKER GENERATED COPY TABLES

__TI_cinit_table @ 00000810 records: 1, size/record: 8, table size: 8
	.data: load addr=00000808, load size=00000007 bytes, run addr=20000200, run size=00000004 bytes, compression=lzss


LINKER GENERATED HANDLER TABLE

__TI_handler_table @ 00000800 records: 2, size/record: 4, table size: 8
	index: 0, handler: __TI_decompress_lzss
	index: 1, handler: __TI_decompress_none


GLOBAL SYMBOLS: SORTED ALPHABETICALLY BY Name 

address   name                          
-------   ----                          
000007fd  C$$EXIT                       
00000751  GPIODirModeSet                
00000379  GPIOPadConfigSet              
000007e7  GPIOPinRead                   
0000077b  GPIOPinTypeGPIOOutput         
000007ed  GPIOPinWrite                  
000007db  ResetISR                      
000004ad  SysCtlClockSet                
000007f3  SysCtlDelay                   
000006e9  SysCtlPeripheralEnable        
00000795  SysTickDisable                
000007a9  SysTickEnable                 
000007bd  SysTickPeriodSet              
20000200  __STACK_END                   
00000200  __STACK_SIZE                  
20000200  __STACK_TOP                   
00000810  __TI_CINIT_Base               
00000818  __TI_CINIT_Limit              
00000800  __TI_Handler_Table_Base       
00000808  __TI_Handler_Table_Limit      
000006a5  __TI_auto_init_nobinit_nopinit
0000063d  __TI_decompress_lzss          
000007cd  __TI_decompress_none          
ffffffff  __TI_pprof_out_hndl           
ffffffff  __TI_prof_data_size           
ffffffff  __TI_prof_data_start          
00000000  __TI_static_base__            
000005a1  __aeabi_memcpy                
000005a1  __aeabi_memcpy4               
000005a1  __aeabi_memcpy8               
ffffffff  __binit__                     
ffffffff  __c_args__                    
UNDEFED   __mpu_init                    
20000000  __stack                       
20000000  __start___llvm_prf_cnts       
20000000  __stop___llvm_prf_cnts        
0000071d  _c_int00_noargs               
UNDEFED   _system_post_cinit            
000007f9  _system_pre_init              
000007fd  abort                         
ffffffff  binit                         
0000030f  delay                         
0000033b  delay1ms                      
00000000  g_pfnVectors                  
20000200  i                             
00000209  main                          
000005a1  memcpy                        


GLOBAL SYMBOLS: SORTED BY Symbol Address 

address   name                          
-------   ----                          
00000000  __TI_static_base__            
00000000  g_pfnVectors                  
00000200  __STACK_SIZE                  
00000209  main                          
0000030f  delay                         
0000033b  delay1ms                      
00000379  GPIOPadConfigSet              
000004ad  SysCtlClockSet                
000005a1  __aeabi_memcpy                
000005a1  __aeabi_memcpy4               
000005a1  __aeabi_memcpy8               
000005a1  memcpy                        
0000063d  __TI_decompress_lzss          
000006a5  __TI_auto_init_nobinit_nopinit
000006e9  SysCtlPeripheralEnable        
0000071d  _c_int00_noargs               
00000751  GPIODirModeSet                
0000077b  GPIOPinTypeGPIOOutput         
00000795  SysTickDisable                
000007a9  SysTickEnable                 
000007bd  SysTickPeriodSet              
000007cd  __TI_decompress_none          
000007db  ResetISR                      
000007e7  GPIOPinRead                   
000007ed  GPIOPinWrite                  
000007f3  SysCtlDelay                   
000007f9  _system_pre_init              
000007fd  C$$EXIT                       
000007fd  abort                         
00000800  __TI_Handler_Table_Base       
00000808  __TI_Handler_Table_Limit      
00000810  __TI_CINIT_Base               
00000818  __TI_CINIT_Limit              
20000000  __stack                       
20000000  __start___llvm_prf_cnts       
20000000  __stop___llvm_prf_cnts        
20000200  __STACK_END                   
20000200  __STACK_TOP                   
20000200  i                             
ffffffff  __TI_pprof_out_hndl           
ffffffff  __TI_prof_data_size           
ffffffff  __TI_prof_data_start          
ffffffff  __binit__                     
ffffffff  __c_args__                    
ffffffff  binit                         
UNDEFED   __mpu_init                    
UNDEFED   _system_post_cinit            

[47 symbols]
